Archive member included because of file (symbol)

c:\Users\³ÂÈó½Ü\AppData\Roaming\Code\User\globalStorage\vexrobotics.vexcode\sdk\cpp\V5\V5_20220726_10_00_00/vexv5\libv5rt.a(v5_startup.c.obj)
                              (vexStartup)
c:\Users\³ÂÈó½Ü\AppData\Roaming\Code\User\globalStorage\vexrobotics.vexcode\sdk\cpp\V5\V5_20220726_10_00_00/vexv5\libv5rt.a(v5_util.c.obj)
                              c:\Users\³ÂÈó½Ü\AppData\Roaming\Code\User\globalStorage\vexrobotics.vexcode\sdk\cpp\V5\V5_20220726_10_00_00/vexv5\libv5rt.a(v5_startup.c.obj) (vexStdlibVersionLinked)
c:\Users\³ÂÈó½Ü\AppData\Roaming\Code\User\globalStorage\vexrobotics.vexcode\sdk\cpp\V5\V5_20220726_10_00_00/vexv5\libv5rt.a(v5_apijump.c.obj)
                              c:\Users\³ÂÈó½Ü\AppData\Roaming\Code\User\globalStorage\vexrobotics.vexcode\sdk\cpp\V5\V5_20220726_10_00_00/vexv5\libv5rt.a(v5_startup.c.obj) (vexPrivateApiEnable)
c:\Users\³ÂÈó½Ü\AppData\Roaming\Code\User\globalStorage\vexrobotics.vexcode\sdk\cpp\V5\V5_20220726_10_00_00/vexv5\libv5rt.a(v5_apiuser.c.obj)
                              build/src/main.o (vexDelay)
c:\Users\³ÂÈó½Ü\AppData\Roaming\Code\User\globalStorage\vexrobotics.vexcode\sdk\cpp\V5\V5_20220726_10_00_00/vexv5\libv5rt.a(v5_apiversions.c.obj)
                              c:\Users\³ÂÈó½Ü\AppData\Roaming\Code\User\globalStorage\vexrobotics.vexcode\sdk\cpp\V5\V5_20220726_10_00_00/vexv5\libv5rt.a(v5_apijump.c.obj) (vexSystemVersion)
c:\Users\³ÂÈó½Ü\AppData\Roaming\Code\User\globalStorage\vexrobotics.vexcode\sdk\cpp\V5\V5_20220726_10_00_00/vexv5\libv5rt.a(vex_global.cpp.obj)
                              build/src/main.o (vex::ratio18_1)
c:\Users\³ÂÈó½Ü\AppData\Roaming\Code\User\globalStorage\vexrobotics.vexcode\sdk\cpp\V5\V5_20220726_10_00_00/vexv5\libv5rt.a(vex_motor.cpp.obj)
                              build/src/main.o (vex::motor::~motor())
c:\Users\³ÂÈó½Ü\AppData\Roaming\Code\User\globalStorage\vexrobotics.vexcode\sdk\cpp\V5\V5_20220726_10_00_00/vexv5\libv5rt.a(vex_imu.cpp.obj)
                              build/src/main.o (vex::inertial::~inertial())
c:\Users\³ÂÈó½Ü\AppData\Roaming\Code\User\globalStorage\vexrobotics.vexcode\sdk\cpp\V5\V5_20220726_10_00_00/vexv5\libv5rt.a(vex_optical.cpp.obj)
                              build/src/main.o (vex::optical::~optical())
c:\Users\³ÂÈó½Ü\AppData\Roaming\Code\User\globalStorage\vexrobotics.vexcode\sdk\cpp\V5\V5_20220726_10_00_00/vexv5\libv5rt.a(vex_distance.cpp.obj)
                              build/src/main.o (vex::distance::~distance())
c:\Users\³ÂÈó½Ü\AppData\Roaming\Code\User\globalStorage\vexrobotics.vexcode\sdk\cpp\V5\V5_20220726_10_00_00/vexv5\libv5rt.a(vex_controller.cpp.obj)
                              build/src/main.o (vex::controller::~controller())
c:\Users\³ÂÈó½Ü\AppData\Roaming\Code\User\globalStorage\vexrobotics.vexcode\sdk\cpp\V5\V5_20220726_10_00_00/vexv5\libv5rt.a(vex_task.cpp.obj)
                              build/src/main.o (vex::task::task(int (*)()))
c:\Users\³ÂÈó½Ü\AppData\Roaming\Code\User\globalStorage\vexrobotics.vexcode\sdk\cpp\V5\V5_20220726_10_00_00/vexv5\libv5rt.a(vex_thread.cpp.obj)
                              c:\Users\³ÂÈó½Ü\AppData\Roaming\Code\User\globalStorage\vexrobotics.vexcode\sdk\cpp\V5\V5_20220726_10_00_00/vexv5\libv5rt.a(vex_global.cpp.obj) (vex::this_thread::sleep_for(unsigned long))
c:\Users\³ÂÈó½Ü\AppData\Roaming\Code\User\globalStorage\vexrobotics.vexcode\sdk\cpp\V5\V5_20220726_10_00_00/vexv5\libv5rt.a(vex_event.cpp.obj)
                              c:\Users\³ÂÈó½Ü\AppData\Roaming\Code\User\globalStorage\vexrobotics.vexcode\sdk\cpp\V5\V5_20220726_10_00_00/vexv5\libv5rt.a(vex_imu.cpp.obj) (vex::event::init(unsigned long, unsigned long, void (*)()))
c:\Users\³ÂÈó½Ü\AppData\Roaming\Code\User\globalStorage\vexrobotics.vexcode\sdk\cpp\V5\V5_20220726_10_00_00/vexv5\libv5rt.a(vex_mevent.cpp.obj)
                              c:\Users\³ÂÈó½Ü\AppData\Roaming\Code\User\globalStorage\vexrobotics.vexcode\sdk\cpp\V5\V5_20220726_10_00_00/vexv5\libv5rt.a(vex_controller.cpp.obj) (vex::mevent::mevent(unsigned long, unsigned long))
c:\Users\³ÂÈó½Ü\AppData\Roaming\Code\User\globalStorage\vexrobotics.vexcode\sdk\cpp\V5\V5_20220726_10_00_00/vexv5\libv5rt.a(vex_brain.cpp.obj)
                              build/src/main.o (vex::brain::timer(vex::timeUnits))
c:\Users\³ÂÈó½Ü\AppData\Roaming\Code\User\globalStorage\vexrobotics.vexcode\sdk\cpp\V5\V5_20220726_10_00_00/vexv5\libv5rt.a(vex_competition.cpp.obj)
                              build/src/main.o (vex::competition::competition())
c:\Users\³ÂÈó½Ü\AppData\Roaming\Code\User\globalStorage\vexrobotics.vexcode\sdk\cpp\V5\V5_20220726_10_00_00/vexv5\libv5rt.a(vex_triport.cpp.obj)
                              c:\Users\³ÂÈó½Ü\AppData\Roaming\Code\User\globalStorage\vexrobotics.vexcode\sdk\cpp\V5\V5_20220726_10_00_00/vexv5\libv5rt.a(vex_brain.cpp.obj) (vex::triport::~triport())
[...]
Memory Configuration

Name             Origin             Length             Attributes
ps7_ddr_0_S_AXI_BASEADDR 0x03800000         0x04800000
*default*        0x00000000         0xffffffff

Linker script and memory map

                0x00002000                _STACK_SIZE = DEFINED (_STACK_SIZE)?_STACK_SIZE:0x2000
                0x00100000                _HEAP_SIZE = DEFINED (_HEAP_SIZE)?_HEAP_SIZE:0x100000
                0x00000400                _ABORT_STACK_SIZE = DEFINED (_ABORT_STACK_SIZE)?_ABORT_STACK_SIZE:0x400
                0x00000800                _SUPERVISOR_STACK_SIZE = DEFINED (_SUPERVISOR_STACK_SIZE)?_SUPERVISOR_STACK_SIZE:0x800
                0x00000400                _IRQ_STACK_SIZE = DEFINED (_IRQ_STACK_SIZE)?_IRQ_STACK_SIZE:0x400
                0x00000400                _FIQ_STACK_SIZE = DEFINED (_FIQ_STACK_SIZE)?_FIQ_STACK_SIZE:0x400
                0x00000400                _UNDEF_STACK_SIZE = DEFINED (_UNDEF_STACK_SIZE)?_UNDEF_STACK_SIZE:0x400

.text           0x03800000     0x62a8
 *(.vectors)
 *(.boot_data)
 .boot_data     0x03800000       0x20 c:\Users\³ÂÈó½Ü\AppData\Roaming\Code\User\globalStorage\vexrobotics.vexcode\sdk\cpp\V5\V5_20220726_10_00_00/vexv5\libv5rt.a(v5_startup.c.obj)
                0x03800000                vexCodeSig
                0x00000020                . = 0x20
 *(.boot)
 .boot          0x03800020       0xbc c:\Users\³ÂÈó½Ü\AppData\Roaming\Code\User\globalStorage\vexrobotics.vexcode\sdk\cpp\V5\V5_20220726_10_00_00/vexv5\libv5rt.a(v5_startup.c.obj)
                0x03800020                vexStartup
                0x03800100                . = ALIGN (0x40)
 *fill*         0x038000dc       0x24 
 *(.freertos_vectors)
 *(.text)
 .text          0x03800100       0x9a c:\Users\³ÂÈó½Ü\AppData\Roaming\Code\User\globalStorage\vexrobotics.vexcode\sdk\cpp\V5\V5_20220726_10_00_00/vexv5/gcc/libs\libc.a(lib_a-aeabi_memset-soft.o)
                0x03800100                __aeabi_memset8
                0x03800100                __aeabi_memset
                0x03800100                __aeabi_memset4
 *(.text.*)
 *fill*         0x0380019a        0x2 
 .text._ZN3vex4card4readEPi
                0x0380019c       0x68 build/src/main.o
                0x0380019c                vex::card::read(int*)
 .text._Z2Chv   0x03800204      0x460 build/src/main.o
                0x03800204                Ch()
 .text._Z4cataf
                0x03800664       0x80 build/src/main.o
                0x03800664                cata(float)
 *fill*         0x038006e4        0x4 
 .text._Z8AutoCatav
                0x038006e8      0x35c build/src/main.o
                0x038006e8                AutoCata()
 .text._Z3LCKv  0x03800a44       0xc0 build/src/main.o
                0x03800a44                LCK()
 *fill*         0x03800b04        0x4 
 .text._Z9adjustDisv
                0x03800b08      0x470 build/src/main.o
                0x03800b08                adjustDis()
 .text._ZN3PID6updateEf
                0x03800f78      0x1dc build/src/main.o
                0x03800f78                PID::update(float)
 .text._Z12driveForwardi
                0x03801154       0xbc build/src/main.o
                0x03801154                driveForward(int)
 .text._Z17moveForwardRotateff
                0x03801210       0xcc build/src/main.o
                0x03801210                moveForwardRotate(float, float)
 .text._Z11driveRotatei
                0x038012dc       0xa8 build/src/main.o
                0x038012dc                driveRotate(int)
 .text._Z12timerForwardii
                0x03801384       0xa8 build/src/main.o
                0x03801384                timerForward(int, int)
 .text._Z14EncoderForwardff
                0x0380142c       0xd8 build/src/main.o
                0x0380142c                EncoderForward(float, float)
 .text._Z17getForwardEncoderv
                0x03801504       0x80 build/src/main.o
                0x03801504                getForwardEncoder()
 .text._Z19resetChassisEncoderv
                0x03801584       0x3c build/src/main.o
                0x03801584                resetChassisEncoder()
 .text._Z10gyroSensorv
                0x038015c0       0xe0 build/src/main.o
                0x038015c0                gyroSensor()
 .text._Z10timerIndexfi
                0x038016a0      0x11c build/src/main.o
                0x038016a0                timerIndex(float, int)
 *fill*         0x038017bc        0x4 
 .text._Z5Rrollv
                0x038017c0      0x270 build/src/main.o
                0x038017c0                Rroll()
 .text._Z5Rrollb
                0x03801a30      0x264 build/src/main.o
                0x03801a30                Rroll(bool)
 *fill*         0x03801c94        0x4 
 .text._Z11PIDGyroTurnf
                0x03801c98       0xf8 build/src/main.o
                0x03801c98                PIDGyroTurn(float)
 .text._Z10PIDForwardff
                0x03801d90      0x358 build/src/main.o
                0x03801d90                PIDForward(float, float)
 .text._Z3onev  0x038020e8      0x2dc build/src/main.o
                0x038020e8                one()
 *fill*         0x038023c4        0x4 
 .text._Z3twov  0x038023c8      0x264 build/src/main.o
                0x038023c8                two()
 *fill*         0x0380262c        0x4 
 .text._Z5threev
                0x03802630      0x714 build/src/main.o
                0x03802630                three()
 .text._Z10autonomousv
                0x03802d44       0x50 build/src/main.o
                0x03802d44                autonomous()
 .text._Z11usercontrolv
                0x03802d94      0x490 build/src/main.o
                0x03802d94                usercontrol()
 .text._Z7printatv
                0x03803224       0xbc build/src/main.o
                0x03803224                printat()
 .text._Z9printInfov
                0x038032e0       0xe8 build/src/main.o
                0x038032e0                printInfo()
 .text._ZN3vex10controller3lcd5printIfEEvT_
                0x038033c8       0x3c build/src/main.o
                0x038033c8                void vex::controller::lcd::print<float>(float)
 .text.main     0x03803404      0x158 build/src/main.o
                0x03803404                main
 .text._GLOBAL__sub_I_main.cpp
                0x0380355c      0x328 build/src/main.o
 .text.vexMain  0x03803884       0xb0 c:\Users\³ÂÈó½Ü\AppData\Roaming\Code\User\globalStorage\vexrobotics.vexcode\sdk\cpp\V5\V5_20220726_10_00_00/vexv5\libv5rt.a(v5_startup.c.obj)
                0x03803884                vexMain
 .text.__vex_function_prolog
                0x03803934       0x18 c:\Users\³ÂÈó½Ü\AppData\Roaming\Code\User\globalStorage\vexrobotics.vexcode\sdk\cpp\V5\V5_20220726_10_00_00/vexv5\libv5rt.a(v5_startup.c.obj)
                0x03803934                __vex_function_prolog
 .text._init    0x0380394c        0x4 c:\Users\³ÂÈó½Ü\AppData\Roaming\Code\User\globalStorage\vexrobotics.vexcode\sdk\cpp\V5\V5_20220726_10_00_00/vexv5\libv5rt.a(v5_startup.c.obj)
                0x0380394c                _init
 .text._fini    0x03803950        0x4 c:\Users\³ÂÈó½Ü\AppData\Roaming\Code\User\globalStorage\vexrobotics.vexcode\sdk\cpp\V5\V5_20220726_10_00_00/vexv5\libv5rt.a(v5_startup.c.obj)
                0x03803950                _fini
 .text.vexStdlibVersionLinked
                0x03803954        0xc c:\Users\³ÂÈó½Ü\AppData\Roaming\Code\User\globalStorage\vexrobotics.vexcode\sdk\cpp\V5\V5_20220726_10_00_00/vexv5\libv5rt.a(v5_util.c.obj)
                0x03803954                vexStdlibVersionLinked
 .text.vexStdlibVersionVerify
                0x03803960       0x30 c:\Users\³ÂÈó½Ü\AppData\Roaming\Code\User\globalStorage\vexrobotics.vexcode\sdk\cpp\V5\V5_20220726_10_00_00/vexv5\libv5rt.a(v5_util.c.obj)
                0x03803960                vexStdlibVersionVerify
 .text.vexPrivateApiEnable
                0x03803990       0x10 c:\Users\³ÂÈó½Ü\AppData\Roaming\Code\User\globalStorage\vexrobotics.vexcode\sdk\cpp\V5\V5_20220726_10_00_00/vexv5\libv5rt.a(v5_apijump.c.obj)
                0x03803990                vexPrivateApiEnable
 .text.vexStdlibMismatchError
                0x038039a0       0x3c c:\Users\³ÂÈó½Ü\AppData\Roaming\Code\User\globalStorage\vexrobotics.vexcode\sdk\cpp\V5\V5_20220726_10_00_00/vexv5\libv5rt.a(v5_apijump.c.obj)
                0x038039a0                vexStdlibMismatchError
 .text.vexTaskAdd
                0x038039dc       0x10 c:\Users\³ÂÈó½Ü\AppData\Roaming\Code\User\globalStorage\vexrobotics.vexcode\sdk\cpp\V5\V5_20220726_10_00_00/vexv5\libv5rt.a(v5_apijump.c.obj)
                0x038039dc                vexTaskAdd
 .text.vexTasksRun
                0x038039ec       0x10 c:\Users\³ÂÈó½Ü\AppData\Roaming\Code\User\globalStorage\vexrobotics.vexcode\sdk\cpp\V5\V5_20220726_10_00_00/vexv5\libv5rt.a(v5_apijump.c.obj)
                0x038039ec                vexTasksRun
 .text.vexTaskYield
                0x038039fc       0x10 c:\Users\³ÂÈó½Ü\AppData\Roaming\Code\User\globalStorage\vexrobotics.vexcode\sdk\cpp\V5\V5_20220726_10_00_00/vexv5\libv5rt.a(v5_apijump.c.obj)
                0x038039fc                vexTaskYield
 .text.vexTaskCheckTimeslice
                0x03803a0c       0x10 c:\Users\³ÂÈó½Ü\AppData\Roaming\Code\User\globalStorage\vexrobotics.vexcode\sdk\cpp\V5\V5_20220726_10_00_00/vexv5\libv5rt.a(v5_apijump.c.obj)
                0x03803a0c                vexTaskCheckTimeslice
 .text.vexTaskSleep
                0x03803a1c       0x10 c:\Users\³ÂÈó½Ü\AppData\Roaming\Code\User\globalStorage\vexrobotics.vexcode\sdk\cpp\V5\V5_20220726_10_00_00/vexv5\libv5rt.a(v5_apijump.c.obj)
                0x03803a1c                vexTaskSleep
 .text.vexTasksDump
                0x03803a2c       0x1c c:\Users\³ÂÈó½Ü\AppData\Roaming\Code\User\globalStorage\vexrobotics.vexcode\sdk\cpp\V5\V5_20220726_10_00_00/vexv5\libv5rt.a(v5_apijump.c.obj)
                0x03803a2c                vexTasksDump
 .text.vexTaskGetTaskIndex
                0x03803a48       0x10 c:\Users\³ÂÈó½Ü\AppData\Roaming\Code\User\globalStorage\vexrobotics.vexcode\sdk\cpp\V5\V5_20220726_10_00_00/vexv5\libv5rt.a(v5_apijump.c.obj)
                0x03803a48                vexTaskGetTaskIndex
 .text.vexTaskStopAll
                0x03803a58       0x10 c:\Users\³ÂÈó½Ü\AppData\Roaming\Code\User\globalStorage\vexrobotics.vexcode\sdk\cpp\V5\V5_20220726_10_00_00/vexv5\libv5rt.a(v5_apijump.c.obj)
                0x03803a58                vexTaskStopAll
 .text.vexTaskRemoveAllUser
                0x03803a68       0x34 c:\Users\³ÂÈó½Ü\AppData\Roaming\Code\User\globalStorage\vexrobotics.vexcode\sdk\cpp\V5\V5_20220726_10_00_00/vexv5\libv5rt.a(v5_apijump.c.obj)
                0x03803a68                vexTaskRemoveAllUser
 .text.vexTaskCompletionIdSet
                0x03803a9c       0x10 c:\Users\³ÂÈó½Ü\AppData\Roaming\Code\User\globalStorage\vexrobotics.vexcode\sdk\cpp\V5\V5_20220726_10_00_00/vexv5\libv5rt.a(v5_apijump.c.obj)
                0x03803a9c                vexTaskCompletionIdSet
 .text.vexTaskStopWithId
                0x03803aac       0x10 c:\Users\³ÂÈó½Ü\AppData\Roaming\Code\User\globalStorage\vexrobotics.vexcode\sdk\cpp\V5\V5_20220726_10_00_00/vexv5\libv5rt.a(v5_apijump.c.obj)
                0x03803aac                vexTaskStopWithId
 .text.vexCriticalSection
                0x03803abc       0x2c c:\Users\³ÂÈó½Ü\AppData\Roaming\Code\User\globalStorage\vexrobotics.vexcode\sdk\cpp\V5\V5_20220726_10_00_00/vexv5\libv5rt.a(v5_apijump.c.obj)
                0x03803abc                vexCriticalSection
 .text.vexEventAdd
                0x03803ae8       0x34 c:\Users\³ÂÈó½Ü\AppData\Roaming\Code\User\globalStorage\vexrobotics.vexcode\sdk\cpp\V5\V5_20220726_10_00_00/vexv5\libv5rt.a(v5_apijump.c.obj)
                0x03803ae8                vexEventAdd
 .text.vexEventUserIndexGet
                0x03803b1c       0x1c c:\Users\³ÂÈó½Ü\AppData\Roaming\Code\User\globalStorage\vexrobotics.vexcode\sdk\cpp\V5\V5_20220726_10_00_00/vexv5\libv5rt.a(v5_apijump.c.obj)
                0x03803b1c                vexEventUserIndexGet
 .text.vexEventAddWithArg
                0x03803b38       0x3c c:\Users\³ÂÈó½Ü\AppData\Roaming\Code\User\globalStorage\vexrobotics.vexcode\sdk\cpp\V5\V5_20220726_10_00_00/vexv5\libv5rt.a(v5_apijump.c.obj)
                0x03803b38                vexEventAddWithArg
 .text.vexEventsCleanup
                0x03803b74       0x2c c:\Users\³ÂÈó½Ü\AppData\Roaming\Code\User\globalStorage\vexrobotics.vexcode\sdk\cpp\V5\V5_20220726_10_00_00/vexv5\libv5rt.a(v5_apijump.c.obj)
                0x03803b74                vexEventsCleanup
 .text.vexDebug
                0x03803ba0       0x38 c:\Users\³ÂÈó½Ü\AppData\Roaming\Code\User\globalStorage\vexrobotics.vexcode\sdk\cpp\V5\V5_20220726_10_00_00/vexv5\libv5rt.a(v5_apijump.c.obj)
                0x03803ba0                vexDebug
 .text.vex_sprintf
                0x03803bd8       0x40 c:\Users\³ÂÈó½Ü\AppData\Roaming\Code\User\globalStorage\vexrobotics.vexcode\sdk\cpp\V5\V5_20220726_10_00_00/vexv5\libv5rt.a(v5_apijump.c.obj)
                0x03803bd8                vex_sprintf
 .text.vex_vsnprintf
                0x03803c18       0x3c c:\Users\³ÂÈó½Ü\AppData\Roaming\Code\User\globalStorage\vexrobotics.vexcode\sdk\cpp\V5\V5_20220726_10_00_00/vexv5\libv5rt.a(v5_apijump.c.obj)
                0x03803c18                vex_vsnprintf
 .text.vexSystemTimeGet
                0x03803c54       0x1c c:\Users\³ÂÈó½Ü\AppData\Roaming\Code\User\globalStorage\vexrobotics.vexcode\sdk\cpp\V5\V5_20220726_10_00_00/vexv5\libv5rt.a(v5_apijump.c.obj)
                0x03803c54                vexSystemTimeGet
 .text.vexSystemExitRequest
                0x03803c70       0x1c c:\Users\³ÂÈó½Ü\AppData\Roaming\Code\User\globalStorage\vexrobotics.vexcode\sdk\cpp\V5\V5_20220726_10_00_00/vexv5\libv5rt.a(v5_apijump.c.obj)
                0x03803c70                vexSystemExitRequest
 .text.vexDeviceGetByIndex
                0x03803c8c       0x24 c:\Users\³ÂÈó½Ü\AppData\Roaming\Code\User\globalStorage\vexrobotics.vexcode\sdk\cpp\V5\V5_20220726_10_00_00/vexv5\libv5rt.a(v5_apijump.c.obj)
                0x03803c8c                vexDeviceGetByIndex
 .text.vexControllerGet
                0x03803cb0       0x2c c:\Users\³ÂÈó½Ü\AppData\Roaming\Code\User\globalStorage\vexrobotics.vexcode\sdk\cpp\V5\V5_20220726_10_00_00/vexv5\libv5rt.a(v5_apijump.c.obj)
                0x03803cb0                vexControllerGet
 .text.vexControllerTextSet
                0x03803cdc       0x74 c:\Users\³ÂÈó½Ü\AppData\Roaming\Code\User\globalStorage\vexrobotics.vexcode\sdk\cpp\V5\V5_20220726_10_00_00/vexv5\libv5rt.a(v5_apijump.c.obj)
                0x03803cdc                vexControllerTextSet
 .text.vexDeviceMotorVoltageSet
                0x03803d50       0x2c c:\Users\³ÂÈó½Ü\AppData\Roaming\Code\User\globalStorage\vexrobotics.vexcode\sdk\cpp\V5\V5_20220726_10_00_00/vexv5\libv5rt.a(v5_apijump.c.obj)
                0x03803d50                vexDeviceMotorVoltageSet
 .text.vexDeviceMotorActualVelocityGet
                0x03803d7c       0x24 c:\Users\³ÂÈó½Ü\AppData\Roaming\Code\User\globalStorage\vexrobotics.vexcode\sdk\cpp\V5\V5_20220726_10_00_00/vexv5\libv5rt.a(v5_apijump.c.obj)
                0x03803d7c                vexDeviceMotorActualVelocityGet
 .text.vexDeviceMotorReverseFlagSet
                0x03803da0       0x2c c:\Users\³ÂÈó½Ü\AppData\Roaming\Code\User\globalStorage\vexrobotics.vexcode\sdk\cpp\V5\V5_20220726_10_00_00/vexv5\libv5rt.a(v5_apijump.c.obj)
                0x03803da0                vexDeviceMotorReverseFlagSet
 .text.vexDeviceMotorEncoderUnitsSet
                0x03803dcc       0x2c c:\Users\³ÂÈó½Ü\AppData\Roaming\Code\User\globalStorage\vexrobotics.vexcode\sdk\cpp\V5\V5_20220726_10_00_00/vexv5\libv5rt.a(v5_apijump.c.obj)
                0x03803dcc                vexDeviceMotorEncoderUnitsSet
 .text.vexDeviceMotorBrakeModeSet
                0x03803df8       0x2c c:\Users\³ÂÈó½Ü\AppData\Roaming\Code\User\globalStorage\vexrobotics.vexcode\sdk\cpp\V5\V5_20220726_10_00_00/vexv5\libv5rt.a(v5_apijump.c.obj)
                0x03803df8                vexDeviceMotorBrakeModeSet
 .text.vexDeviceMotorPositionSet
                0x03803e24       0x34 c:\Users\³ÂÈó½Ü\AppData\Roaming\Code\User\globalStorage\vexrobotics.vexcode\sdk\cpp\V5\V5_20220726_10_00_00/vexv5\libv5rt.a(v5_apijump.c.obj)
                0x03803e24                vexDeviceMotorPositionSet
 .text.vexDeviceMotorPositionGet
                0x03803e58       0x24 c:\Users\³ÂÈó½Ü\AppData\Roaming\Code\User\globalStorage\vexrobotics.vexcode\sdk\cpp\V5\V5_20220726_10_00_00/vexv5\libv5rt.a(v5_apijump.c.obj)
                0x03803e58                vexDeviceMotorPositionGet
 .text.vexDeviceMotorGearingSet
                0x03803e7c       0x2c c:\Users\³ÂÈó½Ü\AppData\Roaming\Code\User\globalStorage\vexrobotics.vexcode\sdk\cpp\V5\V5_20220726_10_00_00/vexv5\libv5rt.a(v5_apijump.c.obj)
                0x03803e7c                vexDeviceMotorGearingSet
 .text.vexDeviceMotorGearingGet
                0x03803ea8       0x24 c:\Users\³ÂÈó½Ü\AppData\Roaming\Code\User\globalStorage\vexrobotics.vexcode\sdk\cpp\V5\V5_20220726_10_00_00/vexv5\libv5rt.a(v5_apijump.c.obj)
                0x03803ea8                vexDeviceMotorGearingGet
 .text.vexDeviceImuReset
                0x03803ecc       0x24 c:\Users\³ÂÈó½Ü\AppData\Roaming\Code\User\globalStorage\vexrobotics.vexcode\sdk\cpp\V5\V5_20220726_10_00_00/vexv5\libv5rt.a(v5_apijump.c.obj)
                0x03803ecc                vexDeviceImuReset
 .text.vexDeviceImuHeadingGet
                0x03803ef0       0x24 c:\Users\³ÂÈó½Ü\AppData\Roaming\Code\User\globalStorage\vexrobotics.vexcode\sdk\cpp\V5\V5_20220726_10_00_00/vexv5\libv5rt.a(v5_apijump.c.obj)
                0x03803ef0                vexDeviceImuHeadingGet
 .text.vexDeviceImuDegreesGet
                0x03803f14       0x24 c:\Users\³ÂÈó½Ü\AppData\Roaming\Code\User\globalStorage\vexrobotics.vexcode\sdk\cpp\V5\V5_20220726_10_00_00/vexv5\libv5rt.a(v5_apijump.c.obj)
                0x03803f14                vexDeviceImuDegreesGet
 .text.vexDeviceImuStatusGet
                0x03803f38       0x24 c:\Users\³ÂÈó½Ü\AppData\Roaming\Code\User\globalStorage\vexrobotics.vexcode\sdk\cpp\V5\V5_20220726_10_00_00/vexv5\libv5rt.a(v5_apijump.c.obj)
                0x03803f38                vexDeviceImuStatusGet
 .text.vexDeviceOpticalHueGet
                0x03803f5c       0x24 c:\Users\³ÂÈó½Ü\AppData\Roaming\Code\User\globalStorage\vexrobotics.vexcode\sdk\cpp\V5\V5_20220726_10_00_00/vexv5\libv5rt.a(v5_apijump.c.obj)
                0x03803f5c                vexDeviceOpticalHueGet
 .text.vexDeviceOpticalGestureEnable
                0x03803f80       0x24 c:\Users\³ÂÈó½Ü\AppData\Roaming\Code\User\globalStorage\vexrobotics.vexcode\sdk\cpp\V5\V5_20220726_10_00_00/vexv5\libv5rt.a(v5_apijump.c.obj)
                0x03803f80                vexDeviceOpticalGestureEnable
 .text.vexDeviceOpticalGestureDisable
                0x03803fa4       0x24 c:\Users\³ÂÈó½Ü\AppData\Roaming\Code\User\globalStorage\vexrobotics.vexcode\sdk\cpp\V5\V5_20220726_10_00_00/vexv5\libv5rt.a(v5_apijump.c.obj)
                0x03803fa4                vexDeviceOpticalGestureDisable
 .text.vexDeviceOpticalProximityThreshold
                0x03803fc8       0x2c c:\Users\³ÂÈó½Ü\AppData\Roaming\Code\User\globalStorage\vexrobotics.vexcode\sdk\cpp\V5\V5_20220726_10_00_00/vexv5\libv5rt.a(v5_apijump.c.obj)
                0x03803fc8                vexDeviceOpticalProximityThreshold
 .text.vexDeviceDistanceDistanceGet
                0x03803ff4       0x24 c:\Users\³ÂÈó½Ü\AppData\Roaming\Code\User\globalStorage\vexrobotics.vexcode\sdk\cpp\V5\V5_20220726_10_00_00/vexv5\libv5rt.a(v5_apijump.c.obj)
                0x03803ff4                vexDeviceDistanceDistanceGet
 .text.vexDisplayForegroundColor
                0x03804018       0x24 c:\Users\³ÂÈó½Ü\AppData\Roaming\Code\User\globalStorage\vexrobotics.vexcode\sdk\cpp\V5\V5_20220726_10_00_00/vexv5\libv5rt.a(v5_apijump.c.obj)
                0x03804018                vexDisplayForegroundColor
 .text.vexDisplayBackgroundColor
                0x0380403c       0x24 c:\Users\³ÂÈó½Ü\AppData\Roaming\Code\User\globalStorage\vexrobotics.vexcode\sdk\cpp\V5\V5_20220726_10_00_00/vexv5\libv5rt.a(v5_apijump.c.obj)
                0x0380403c                vexDisplayBackgroundColor
 .text.vexDisplayVPrintf
                0x03804060       0x50 c:\Users\³ÂÈó½Ü\AppData\Roaming\Code\User\globalStorage\vexrobotics.vexcode\sdk\cpp\V5\V5_20220726_10_00_00/vexv5\libv5rt.a(v5_apijump.c.obj)
                0x03804060                vexDisplayVPrintf
 .text.vexDisplayTextReference
                0x038040b0       0x24 c:\Users\³ÂÈó½Ü\AppData\Roaming\Code\User\globalStorage\vexrobotics.vexcode\sdk\cpp\V5\V5_20220726_10_00_00/vexv5\libv5rt.a(v5_apijump.c.obj)
                0x038040b0                vexDisplayTextReference
 .text.vexDisplayTextSize
                0x038040d4       0x2c c:\Users\³ÂÈó½Ü\AppData\Roaming\Code\User\globalStorage\vexrobotics.vexcode\sdk\cpp\V5\V5_20220726_10_00_00/vexv5\libv5rt.a(v5_apijump.c.obj)
                0x038040d4                vexDisplayTextSize
 .text.vexDisplayFontNamedSet
                0x03804100       0x24 c:\Users\³ÂÈó½Ü\AppData\Roaming\Code\User\globalStorage\vexrobotics.vexcode\sdk\cpp\V5\V5_20220726_10_00_00/vexv5\libv5rt.a(v5_apijump.c.obj)
                0x03804100                vexDisplayFontNamedSet
 .text.vexFileOpen
                0x03804124       0x2c c:\Users\³ÂÈó½Ü\AppData\Roaming\Code\User\globalStorage\vexrobotics.vexcode\sdk\cpp\V5\V5_20220726_10_00_00/vexv5\libv5rt.a(v5_apijump.c.obj)
                0x03804124                vexFileOpen
 .text.vexFileClose
                0x03804150       0x24 c:\Users\³ÂÈó½Ü\AppData\Roaming\Code\User\globalStorage\vexrobotics.vexcode\sdk\cpp\V5\V5_20220726_10_00_00/vexv5\libv5rt.a(v5_apijump.c.obj)
                0x03804150                vexFileClose
 .text.vexFileDriveStatus
                0x03804174       0x24 c:\Users\³ÂÈó½Ü\AppData\Roaming\Code\User\globalStorage\vexrobotics.vexcode\sdk\cpp\V5\V5_20220726_10_00_00/vexv5\libv5rt.a(v5_apijump.c.obj)
                0x03804174                vexFileDriveStatus
 .text.vexSystemStdlibImpureDataAddr
                0x03804198       0x28 c:\Users\³ÂÈó½Ü\AppData\Roaming\Code\User\globalStorage\vexrobotics.vexcode\sdk\cpp\V5\V5_20220726_10_00_00/vexv5\libv5rt.a(v5_apijump.c.obj)
                0x03804198                vexSystemStdlibImpureDataAddr
 .text.vexSystemStdlibImpureDataSize
                0x038041c0       0x28 c:\Users\³ÂÈó½Ü\AppData\Roaming\Code\User\globalStorage\vexrobotics.vexcode\sdk\cpp\V5\V5_20220726_10_00_00/vexv5\libv5rt.a(v5_apijump.c.obj)
                0x038041c0                vexSystemStdlibImpureDataSize
 .text.vexSystemSaveUserData
                0x038041e8       0x3c c:\Users\³ÂÈó½Ü\AppData\Roaming\Code\User\globalStorage\vexrobotics.vexcode\sdk\cpp\V5\V5_20220726_10_00_00/vexv5\libv5rt.a(v5_apijump.c.obj)
                0x038041e8                vexSystemSaveUserData
 .text.vexDisplayThemeIdGet
                0x03804224       0x38 c:\Users\³ÂÈó½Ü\AppData\Roaming\Code\User\globalStorage\vexrobotics.vexcode\sdk\cpp\V5\V5_20220726_10_00_00/vexv5\libv5rt.a(v5_apijump.c.obj)
                0x03804224                vexDisplayThemeIdGet
 .text.vexBatteryCapacityGet
                0x0380425c       0x1c c:\Users\³ÂÈó½Ü\AppData\Roaming\Code\User\globalStorage\vexrobotics.vexcode\sdk\cpp\V5\V5_20220726_10_00_00/vexv5\libv5rt.a(v5_apijump.c.obj)
                0x0380425c                vexBatteryCapacityGet
 .text.vexDeviceEventMaskSet
                0x03804278       0x48 c:\Users\³ÂÈó½Ü\AppData\Roaming\Code\User\globalStorage\vexrobotics.vexcode\sdk\cpp\V5\V5_20220726_10_00_00/vexv5\libv5rt.a(v5_apijump.c.obj)
                0x03804278                vexDeviceEventMaskSet
 .text.vexDeviceEventMaskGet
                0x038042c0       0x3c c:\Users\³ÂÈó½Ü\AppData\Roaming\Code\User\globalStorage\vexrobotics.vexcode\sdk\cpp\V5\V5_20220726_10_00_00/vexv5\libv5rt.a(v5_apijump.c.obj)
                0x038042c0                vexDeviceEventMaskGet
 .text.vexDelay
                0x038042fc        0x4 c:\Users\³ÂÈó½Ü\AppData\Roaming\Code\User\globalStorage\vexrobotics.vexcode\sdk\cpp\V5\V5_20220726_10_00_00/vexv5\libv5rt.a(v5_apiuser.c.obj)
                0x038042fc                vexDelay
 .text.vexMotorVoltageSet
                0x03804300       0x20 c:\Users\³ÂÈó½Ü\AppData\Roaming\Code\User\globalStorage\vexrobotics.vexcode\sdk\cpp\V5\V5_20220726_10_00_00/vexv5\libv5rt.a(v5_apiuser.c.obj)
                0x03804300                vexMotorVoltageSet
 .text.vexMotorActualVelocityGet
                0x03804320       0x24 c:\Users\³ÂÈó½Ü\AppData\Roaming\Code\User\globalStorage\vexrobotics.vexcode\sdk\cpp\V5\V5_20220726_10_00_00/vexv5\libv5rt.a(v5_apiuser.c.obj)
                0x03804320                vexMotorActualVelocityGet
 .text.vexMotorReverseFlagSet
                0x03804344       0x20 c:\Users\³ÂÈó½Ü\AppData\Roaming\Code\User\globalStorage\vexrobotics.vexcode\sdk\cpp\V5\V5_20220726_10_00_00/vexv5\libv5rt.a(v5_apiuser.c.obj)
                0x03804344                vexMotorReverseFlagSet
 .text.vexMotorEncoderUnitsSet
                0x03804364       0x20 c:\Users\³ÂÈó½Ü\AppData\Roaming\Code\User\globalStorage\vexrobotics.vexcode\sdk\cpp\V5\V5_20220726_10_00_00/vexv5\libv5rt.a(v5_apiuser.c.obj)
                0x03804364                vexMotorEncoderUnitsSet
 .text.vexMotorBrakeModeSet
                0x03804384       0x20 c:\Users\³ÂÈó½Ü\AppData\Roaming\Code\User\globalStorage\vexrobotics.vexcode\sdk\cpp\V5\V5_20220726_10_00_00/vexv5\libv5rt.a(v5_apiuser.c.obj)
                0x03804384                vexMotorBrakeModeSet
 .text.vexMotorPositionSet
                0x038043a4       0x28 c:\Users\³ÂÈó½Ü\AppData\Roaming\Code\User\globalStorage\vexrobotics.vexcode\sdk\cpp\V5\V5_20220726_10_00_00/vexv5\libv5rt.a(v5_apiuser.c.obj)
                0x038043a4                vexMotorPositionSet
 .text.vexMotorPositionGet
                0x038043cc       0x24 c:\Users\³ÂÈó½Ü\AppData\Roaming\Code\User\globalStorage\vexrobotics.vexcode\sdk\cpp\V5\V5_20220726_10_00_00/vexv5\libv5rt.a(v5_apiuser.c.obj)
                0x038043cc                vexMotorPositionGet
 .text.vexMotorGearingSet
                0x038043f0       0x20 c:\Users\³ÂÈó½Ü\AppData\Roaming\Code\User\globalStorage\vexrobotics.vexcode\sdk\cpp\V5\V5_20220726_10_00_00/vexv5\libv5rt.a(v5_apiuser.c.obj)
                0x038043f0                vexMotorGearingSet
 .text.vexMotorGearingGet
                0x03804410       0x18 c:\Users\³ÂÈó½Ü\AppData\Roaming\Code\User\globalStorage\vexrobotics.vexcode\sdk\cpp\V5\V5_20220726_10_00_00/vexv5\libv5rt.a(v5_apiuser.c.obj)
                0x03804410                vexMotorGearingGet
 .text.vexImuReset
                0x03804428       0x10 c:\Users\³ÂÈó½Ü\AppData\Roaming\Code\User\globalStorage\vexrobotics.vexcode\sdk\cpp\V5\V5_20220726_10_00_00/vexv5\libv5rt.a(v5_apiuser.c.obj)
                0x03804428                vexImuReset
 .text.vexImuHeadingGet
                0x03804438       0x10 c:\Users\³ÂÈó½Ü\AppData\Roaming\Code\User\globalStorage\vexrobotics.vexcode\sdk\cpp\V5\V5_20220726_10_00_00/vexv5\libv5rt.a(v5_apiuser.c.obj)
                0x03804438                vexImuHeadingGet
 .text.vexImuDegreesGet
                0x03804448       0x10 c:\Users\³ÂÈó½Ü\AppData\Roaming\Code\User\globalStorage\vexrobotics.vexcode\sdk\cpp\V5\V5_20220726_10_00_00/vexv5\libv5rt.a(v5_apiuser.c.obj)
                0x03804448                vexImuDegreesGet
 .text.vexImuStatusGet
                0x03804458       0x10 c:\Users\³ÂÈó½Ü\AppData\Roaming\Code\User\globalStorage\vexrobotics.vexcode\sdk\cpp\V5\V5_20220726_10_00_00/vexv5\libv5rt.a(v5_apiuser.c.obj)
                0x03804458                vexImuStatusGet
 .text.vexOpticalHueGet
                0x03804468       0x10 c:\Users\³ÂÈó½Ü\AppData\Roaming\Code\User\globalStorage\vexrobotics.vexcode\sdk\cpp\V5\V5_20220726_10_00_00/vexv5\libv5rt.a(v5_apiuser.c.obj)
                0x03804468                vexOpticalHueGet
 .text.vexOpticalGestureEnable
                0x03804478       0x10 c:\Users\³ÂÈó½Ü\AppData\Roaming\Code\User\globalStorage\vexrobotics.vexcode\sdk\cpp\V5\V5_20220726_10_00_00/vexv5\libv5rt.a(v5_apiuser.c.obj)
                0x03804478                vexOpticalGestureEnable
 .text.vexOpticalGestureDisable
                0x03804488       0x10 c:\Users\³ÂÈó½Ü\AppData\Roaming\Code\User\globalStorage\vexrobotics.vexcode\sdk\cpp\V5\V5_20220726_10_00_00/vexv5\libv5rt.a(v5_apiuser.c.obj)
                0x03804488                vexOpticalGestureDisable
 .text.vexOpticalProximityThreshold
                0x03804498       0x18 c:\Users\³ÂÈó½Ü\AppData\Roaming\Code\User\globalStorage\vexrobotics.vexcode\sdk\cpp\V5\V5_20220726_10_00_00/vexv5\libv5rt.a(v5_apiuser.c.obj)
                0x03804498                vexOpticalProximityThreshold
 .text.vexDistanceDistanceGet
                0x038044b0       0x10 c:\Users\³ÂÈó½Ü\AppData\Roaming\Code\User\globalStorage\vexrobotics.vexcode\sdk\cpp\V5\V5_20220726_10_00_00/vexv5\libv5rt.a(v5_apiuser.c.obj)
                0x038044b0                vexDistanceDistanceGet
 .text.vexEventMaskSet
                0x038044c0       0x28 c:\Users\³ÂÈó½Ü\AppData\Roaming\Code\User\globalStorage\vexrobotics.vexcode\sdk\cpp\V5\V5_20220726_10_00_00/vexv5\libv5rt.a(v5_apiuser.c.obj)
                0x038044c0                vexEventMaskSet
 .text.vexEventMaskGet
                0x038044e8       0x18 c:\Users\³ÂÈó½Ü\AppData\Roaming\Code\User\globalStorage\vexrobotics.vexcode\sdk\cpp\V5\V5_20220726_10_00_00/vexv5\libv5rt.a(v5_apiuser.c.obj)
                0x038044e8                vexEventMaskGet
 .text.vexSystemVersion
                0x03804500       0x10 c:\Users\³ÂÈó½Ü\AppData\Roaming\Code\User\globalStorage\vexrobotics.vexcode\sdk\cpp\V5\V5_20220726_10_00_00/vexv5\libv5rt.a(v5_apiversions.c.obj)
                0x03804500                vexSystemVersion
 .text.vexStdlibVersion
                0x03804510       0x10 c:\Users\³ÂÈó½Ü\AppData\Roaming\Code\User\globalStorage\vexrobotics.vexcode\sdk\cpp\V5\V5_20220726_10_00_00/vexv5\libv5rt.a(v5_apiversions.c.obj)
                0x03804510                vexStdlibVersion
 .text._ZN3vex5motorD2Ev
                0x03804520       0x20 c:\Users\³ÂÈó½Ü\AppData\Roaming\Code\User\globalStorage\vexrobotics.vexcode\sdk\cpp\V5\V5_20220726_10_00_00/vexv5\libv5rt.a(vex_motor.cpp.obj)
                0x03804520                vex::motor::~motor()
                0x03804520                vex::motor::~motor()
 .text._ZN3vex5motorD0Ev
                0x03804540       0x1c c:\Users\³ÂÈó½Ü\AppData\Roaming\Code\User\globalStorage\vexrobotics.vexcode\sdk\cpp\V5\V5_20220726_10_00_00/vexv5\libv5rt.a(vex_motor.cpp.obj)
                0x03804540                vex::motor::~motor()
 .text._ZN3vex5motor9installedEv
                0x0380455c       0x18 c:\Users\³ÂÈó½Ü\AppData\Roaming\Code\User\globalStorage\vexrobotics.vexcode\sdk\cpp\V5\V5_20220726_10_00_00/vexv5\libv5rt.a(vex_motor.cpp.obj)
                0x0380455c                vex::motor::installed()
 .text._ZN3vex5motor15defaultStoppingENS_9brakeTypeE
                0x03804574       0x30 c:\Users\³ÂÈó½Ü\AppData\Roaming\Code\User\globalStorage\vexrobotics.vexcode\sdk\cpp\V5\V5_20220726_10_00_00/vexv5\libv5rt.a(vex_motor.cpp.obj)
                0x03804574                vex::motor::defaultStopping(vex::brakeType)
 .text._ZN3vex5motorC2El
                0x038045a4       0x78 c:\Users\³ÂÈó½Ü\AppData\Roaming\Code\User\globalStorage\vexrobotics.vexcode\sdk\cpp\V5\V5_20220726_10_00_00/vexv5\libv5rt.a(vex_motor.cpp.obj)
                0x038045a4                vex::motor::motor(long)
                0x038045a4                vex::motor::motor(long)
 .text._ZN3vex5motorC2ElNS_11gearSettingEb
                0x0380461c       0x34 c:\Users\³ÂÈó½Ü\AppData\Roaming\Code\User\globalStorage\vexrobotics.vexcode\sdk\cpp\V5\V5_20220726_10_00_00/vexv5\libv5rt.a(vex_motor.cpp.obj)
                0x0380461c                vex::motor::motor(long, vex::gearSetting, bool)
                0x0380461c                vex::motor::motor(long, vex::gearSetting, bool)
 .text._ZN3vex5motor4spinENS_13directionTypeEdNS_12voltageUnitsE
                0x03804650       0x50 c:\Users\³ÂÈó½Ü\AppData\Roaming\Code\User\globalStorage\vexrobotics.vexcode\sdk\cpp\V5\V5_20220726_10_00_00/vexv5\libv5rt.a(vex_motor.cpp.obj)
                0x03804650                vex::motor::spin(vex::directionType, double, vex::voltageUnits)
 .text._ZN3vex5motor16velocityToScaledEdNS_13velocityUnitsE
                0x038046a0       0x5c c:\Users\³ÂÈó½Ü\AppData\Roaming\Code\User\globalStorage\vexrobotics.vexcode\sdk\cpp\V5\V5_20220726_10_00_00/vexv5\libv5rt.a(vex_motor.cpp.obj)
                0x038046a0                vex::motor::velocityToScaled(double, vex::velocityUnits)
 .text._ZN3vex5motor8velocityENS_13velocityUnitsE
                0x038046fc       0x30 c:\Users\³ÂÈó½Ü\AppData\Roaming\Code\User\globalStorage\vexrobotics.vexcode\sdk\cpp\V5\V5_20220726_10_00_00/vexv5\libv5rt.a(vex_motor.cpp.obj)
                0x038046fc                vex::motor::velocity(vex::velocityUnits)
 .text._ZN3vex5motor5valueEv
                0x0380472c       0x1c c:\Users\³ÂÈó½Ü\AppData\Roaming\Code\User\globalStorage\vexrobotics.vexcode\sdk\cpp\V5\V5_20220726_10_00_00/vexv5\libv5rt.a(vex_motor.cpp.obj)
                0x0380472c                vex::motor::value()
 .text._ZN3vex5motor16setRotationUnitsENS_13rotationUnitsE
                0x03804748       0x1c c:\Users\³ÂÈó½Ü\AppData\Roaming\Code\User\globalStorage\vexrobotics.vexcode\sdk\cpp\V5\V5_20220726_10_00_00/vexv5\libv5rt.a(vex_motor.cpp.obj)
                0x03804748                vex::motor::setRotationUnits(vex::rotationUnits)
 .text._ZN3vex5motor11setPositionEdNS_13rotationUnitsE
                0x03804764       0x44 c:\Users\³ÂÈó½Ü\AppData\Roaming\Code\User\globalStorage\vexrobotics.vexcode\sdk\cpp\V5\V5_20220726_10_00_00/vexv5\libv5rt.a(vex_motor.cpp.obj)
                0x03804764                vex::motor::setPosition(double, vex::rotationUnits)
 .text._ZN3vex5motor13resetPositionEv
                0x038047a8       0x20 c:\Users\³ÂÈó½Ü\AppData\Roaming\Code\User\globalStorage\vexrobotics.vexcode\sdk\cpp\V5\V5_20220726_10_00_00/vexv5\libv5rt.a(vex_motor.cpp.obj)
                0x038047a8                vex::motor::resetPosition()
 .text._ZN3vex5motor8positionENS_13rotationUnitsE
                0x038047c8       0x44 c:\Users\³ÂÈó½Ü\AppData\Roaming\Code\User\globalStorage\vexrobotics.vexcode\sdk\cpp\V5\V5_20220726_10_00_00/vexv5\libv5rt.a(vex_motor.cpp.obj)
                0x038047c8                vex::motor::position(vex::rotationUnits)
 .text._ZN3vex8inertial11getTurnTypeEv
                0x0380480c        0x8 c:\Users\³ÂÈó½Ü\AppData\Roaming\Code\User\globalStorage\vexrobotics.vexcode\sdk\cpp\V5\V5_20220726_10_00_00/vexv5\libv5rt.a(vex_imu.cpp.obj)
                0x0380480c                vex::inertial::getTurnType()
 .text._ZThn16_N3vex8inertial11getTurnTypeEv
                0x03804814        0x8 c:\Users\³ÂÈó½Ü\AppData\Roaming\Code\User\globalStorage\vexrobotics.vexcode\sdk\cpp\V5\V5_20220726_10_00_00/vexv5\libv5rt.a(vex_imu.cpp.obj)
                0x03804814                non-virtual thunk to vex::inertial::getTurnType()
 *fill*         0x0380481c        0x4 
 .text._ZN3vex8inertial10setHeadingEdNS_13rotationUnitsE
                0x03804820       0x58 c:\Users\³ÂÈó½Ü\AppData\Roaming\Code\User\globalStorage\vexrobotics.vexcode\sdk\cpp\V5\V5_20220726_10_00_00/vexv5\libv5rt.a(vex_imu.cpp.obj)
                0x03804820                vex::inertial::setHeading(double, vex::rotationUnits)
 .text._ZThn16_N3vex8inertial10setHeadingEdNS_13rotationUnitsE
                0x03804878        0x8 c:\Users\³ÂÈó½Ü\AppData\Roaming\Code\User\globalStorage\vexrobotics.vexcode\sdk\cpp\V5\V5_20220726_10_00_00/vexv5\libv5rt.a(vex_imu.cpp.obj)
                0x03804878                non-virtual thunk to vex::inertial::setHeading(double, vex::rotationUnits)
 .text._ZN3vex8inertial11setRotationEdNS_13rotationUnitsE
                0x03804880       0x58 c:\Users\³ÂÈó½Ü\AppData\Roaming\Code\User\globalStorage\vexrobotics.vexcode\sdk\cpp\V5\V5_20220726_10_00_00/vexv5\libv5rt.a(vex_imu.cpp.obj)
                0x03804880                vex::inertial::setRotation(double, vex::rotationUnits)
 .text._ZThn16_N3vex8inertial11setRotationEdNS_13rotationUnitsE
                0x038048d8        0x8 c:\Users\³ÂÈó½Ü\AppData\Roaming\Code\User\globalStorage\vexrobotics.vexcode\sdk\cpp\V5\V5_20220726_10_00_00/vexv5\libv5rt.a(vex_imu.cpp.obj)
                0x038048d8                non-virtual thunk to vex::inertial::setRotation(double, vex::rotationUnits)
 .text._ZN3vex8inertialD2Ev
                0x038048e0       0x20 c:\Users\³ÂÈó½Ü\AppData\Roaming\Code\User\globalStorage\vexrobotics.vexcode\sdk\cpp\V5\V5_20220726_10_00_00/vexv5\libv5rt.a(vex_imu.cpp.obj)
                0x038048e0                vex::inertial::~inertial()
                0x038048e0                vex::inertial::~inertial()
 .text._ZThn16_N3vex8inertialD1Ev
                0x03804900        0x8 c:\Users\³ÂÈó½Ü\AppData\Roaming\Code\User\globalStorage\vexrobotics.vexcode\sdk\cpp\V5\V5_20220726_10_00_00/vexv5\libv5rt.a(vex_imu.cpp.obj)
                0x03804900                non-virtual thunk to vex::inertial::~inertial()
 .text._ZN3vex8inertialD0Ev
                0x03804908       0x1c c:\Users\³ÂÈó½Ü\AppData\Roaming\Code\User\globalStorage\vexrobotics.vexcode\sdk\cpp\V5\V5_20220726_10_00_00/vexv5\libv5rt.a(vex_imu.cpp.obj)
                0x03804908                vex::inertial::~inertial()
 .text._ZThn16_N3vex8inertialD0Ev
                0x03804924        0x8 c:\Users\³ÂÈó½Ü\AppData\Roaming\Code\User\globalStorage\vexrobotics.vexcode\sdk\cpp\V5\V5_20220726_10_00_00/vexv5\libv5rt.a(vex_imu.cpp.obj)
                0x03804924                non-virtual thunk to vex::inertial::~inertial()
 .text._ZN3vex8inertial9installedEv
                0x0380492c       0x18 c:\Users\³ÂÈó½Ü\AppData\Roaming\Code\User\globalStorage\vexrobotics.vexcode\sdk\cpp\V5\V5_20220726_10_00_00/vexv5\libv5rt.a(vex_imu.cpp.obj)
                0x0380492c                vex::inertial::installed()
 .text._ZN3vex8inertial5angleENS_13rotationUnitsE
                0x03804944       0x6c c:\Users\³ÂÈó½Ü\AppData\Roaming\Code\User\globalStorage\vexrobotics.vexcode\sdk\cpp\V5\V5_20220726_10_00_00/vexv5\libv5rt.a(vex_imu.cpp.obj)
                0x03804944                vex::inertial::angle(vex::rotationUnits)
 .text._ZThn16_N3vex8inertial5angleENS_13rotationUnitsE
                0x038049b0        0x8 c:\Users\³ÂÈó½Ü\AppData\Roaming\Code\User\globalStorage\vexrobotics.vexcode\sdk\cpp\V5\V5_20220726_10_00_00/vexv5\libv5rt.a(vex_imu.cpp.obj)
                0x038049b0                non-virtual thunk to vex::inertial::angle(vex::rotationUnits)
 .text._ZN3vex8inertial7headingENS_13rotationUnitsE
                0x038049b8        0x4 c:\Users\³ÂÈó½Ü\AppData\Roaming\Code\User\globalStorage\vexrobotics.vexcode\sdk\cpp\V5\V5_20220726_10_00_00/vexv5\libv5rt.a(vex_imu.cpp.obj)
                0x038049b8                vex::inertial::heading(vex::rotationUnits)
 .text._ZThn16_N3vex8inertial7headingENS_13rotationUnitsE
                0x038049bc        0x8 c:\Users\³ÂÈó½Ü\AppData\Roaming\Code\User\globalStorage\vexrobotics.vexcode\sdk\cpp\V5\V5_20220726_10_00_00/vexv5\libv5rt.a(vex_imu.cpp.obj)
                0x038049bc                non-virtual thunk to vex::inertial::heading(vex::rotationUnits)
 .text._ZN3vex8inertial5valueEv
                0x038049c4       0x1c c:\Users\³ÂÈó½Ü\AppData\Roaming\Code\User\globalStorage\vexrobotics.vexcode\sdk\cpp\V5\V5_20220726_10_00_00/vexv5\libv5rt.a(vex_imu.cpp.obj)
                0x038049c4                vex::inertial::value()
 .text._ZN3vex8inertial8rotationENS_13rotationUnitsE
                0x038049e0       0x48 c:\Users\³ÂÈó½Ü\AppData\Roaming\Code\User\globalStorage\vexrobotics.vexcode\sdk\cpp\V5\V5_20220726_10_00_00/vexv5\libv5rt.a(vex_imu.cpp.obj)
                0x038049e0                vex::inertial::rotation(vex::rotationUnits)
 .text._ZThn16_N3vex8inertial8rotationENS_13rotationUnitsE
                0x03804a28        0x8 c:\Users\³ÂÈó½Ü\AppData\Roaming\Code\User\globalStorage\vexrobotics.vexcode\sdk\cpp\V5\V5_20220726_10_00_00/vexv5\libv5rt.a(vex_imu.cpp.obj)
                0x03804a28                non-virtual thunk to vex::inertial::rotation(vex::rotationUnits)
 .text._ZN3vex8inertial13isCalibratingEv
                0x03804a30       0x38 c:\Users\³ÂÈó½Ü\AppData\Roaming\Code\User\globalStorage\vexrobotics.vexcode\sdk\cpp\V5\V5_20220726_10_00_00/vexv5\libv5rt.a(vex_imu.cpp.obj)
                0x03804a30                vex::inertial::isCalibrating()
 .text._ZThn16_N3vex8inertial13isCalibratingEv
                0x03804a68        0x8 c:\Users\³ÂÈó½Ü\AppData\Roaming\Code\User\globalStorage\vexrobotics.vexcode\sdk\cpp\V5\V5_20220726_10_00_00/vexv5\libv5rt.a(vex_imu.cpp.obj)
                0x03804a68                non-virtual thunk to vex::inertial::isCalibrating()
 .text._ZN3vex8inertialC2ElNS_8turnTypeE
                0x03804a70       0x4c c:\Users\³ÂÈó½Ü\AppData\Roaming\Code\User\globalStorage\vexrobotics.vexcode\sdk\cpp\V5\V5_20220726_10_00_00/vexv5\libv5rt.a(vex_imu.cpp.obj)
                0x03804a70                vex::inertial::inertial(long, vex::turnType)
                0x03804a70                vex::inertial::inertial(long, vex::turnType)
 .text._ZN3vex8inertial16startCalibrationEl
                0x03804abc       0x20 c:\Users\³ÂÈó½Ü\AppData\Roaming\Code\User\globalStorage\vexrobotics.vexcode\sdk\cpp\V5\V5_20220726_10_00_00/vexv5\libv5rt.a(vex_imu.cpp.obj)
                0x03804abc                vex::inertial::startCalibration(long)
 .text._ZN3vex8inertial9calibrateEl
                0x03804adc        0xc c:\Users\³ÂÈó½Ü\AppData\Roaming\Code\User\globalStorage\vexrobotics.vexcode\sdk\cpp\V5\V5_20220726_10_00_00/vexv5\libv5rt.a(vex_imu.cpp.obj)
                0x03804adc                vex::inertial::calibrate(long)
                0x03804ae0                non-virtual thunk to vex::inertial::calibrate(long)
 .text._ZN3vex7opticalD2Ev
                0x03804ae8       0x20 c:\Users\³ÂÈó½Ü\AppData\Roaming\Code\User\globalStorage\vexrobotics.vexcode\sdk\cpp\V5\V5_20220726_10_00_00/vexv5\libv5rt.a(vex_optical.cpp.obj)
                0x03804ae8                vex::optical::~optical()
                0x03804ae8                vex::optical::~optical()
 .text._ZN3vex7opticalD0Ev
                0x03804b08       0x1c c:\Users\³ÂÈó½Ü\AppData\Roaming\Code\User\globalStorage\vexrobotics.vexcode\sdk\cpp\V5\V5_20220726_10_00_00/vexv5\libv5rt.a(vex_optical.cpp.obj)
                0x03804b08                vex::optical::~optical()
 .text._ZN3vex7optical9installedEv
                0x03804b24       0x18 c:\Users\³ÂÈó½Ü\AppData\Roaming\Code\User\globalStorage\vexrobotics.vexcode\sdk\cpp\V5\V5_20220726_10_00_00/vexv5\libv5rt.a(vex_optical.cpp.obj)
                0x03804b24                vex::optical::installed()
 .text._ZN3vex7optical3hueEv
                0x03804b3c        0x8 c:\Users\³ÂÈó½Ü\AppData\Roaming\Code\User\globalStorage\vexrobotics.vexcode\sdk\cpp\V5\V5_20220726_10_00_00/vexv5\libv5rt.a(vex_optical.cpp.obj)
                0x03804b3c                vex::optical::hue()
 .text._ZN3vex7optical5valueEv
                0x03804b44       0x18 c:\Users\³ÂÈó½Ü\AppData\Roaming\Code\User\globalStorage\vexrobotics.vexcode\sdk\cpp\V5\V5_20220726_10_00_00/vexv5\libv5rt.a(vex_optical.cpp.obj)
                0x03804b44                vex::optical::value()
 .text._ZN3vex7optical13gestureEnableEv
                0x03804b5c        0x8 c:\Users\³ÂÈó½Ü\AppData\Roaming\Code\User\globalStorage\vexrobotics.vexcode\sdk\cpp\V5\V5_20220726_10_00_00/vexv5\libv5rt.a(vex_optical.cpp.obj)
                0x03804b5c                vex::optical::gestureEnable()
 .text._ZN3vex7optical14gestureDisableEv
                0x03804b64        0x8 c:\Users\³ÂÈó½Ü\AppData\Roaming\Code\User\globalStorage\vexrobotics.vexcode\sdk\cpp\V5\V5_20220726_10_00_00/vexv5\libv5rt.a(vex_optical.cpp.obj)
                0x03804b64                vex::optical::gestureDisable()
 .text._ZN3vex7opticalC2Elb
                0x03804b6c       0x54 c:\Users\³ÂÈó½Ü\AppData\Roaming\Code\User\globalStorage\vexrobotics.vexcode\sdk\cpp\V5\V5_20220726_10_00_00/vexv5\libv5rt.a(vex_optical.cpp.obj)
                0x03804b6c                vex::optical::optical(long, bool)
                0x03804b6c                vex::optical::optical(long, bool)
 .text._ZN3vex8distanceD2Ev
                0x03804bc0       0x20 c:\Users\³ÂÈó½Ü\AppData\Roaming\Code\User\globalStorage\vexrobotics.vexcode\sdk\cpp\V5\V5_20220726_10_00_00/vexv5\libv5rt.a(vex_distance.cpp.obj)
                0x03804bc0                vex::distance::~distance()
                0x03804bc0                vex::distance::~distance()
 .text._ZN3vex8distanceD0Ev
                0x03804be0       0x1c c:\Users\³ÂÈó½Ü\AppData\Roaming\Code\User\globalStorage\vexrobotics.vexcode\sdk\cpp\V5\V5_20220726_10_00_00/vexv5\libv5rt.a(vex_distance.cpp.obj)
                0x03804be0                vex::distance::~distance()
 .text._ZN3vex8distance9installedEv
                0x03804bfc       0x18 c:\Users\³ÂÈó½Ü\AppData\Roaming\Code\User\globalStorage\vexrobotics.vexcode\sdk\cpp\V5\V5_20220726_10_00_00/vexv5\libv5rt.a(vex_distance.cpp.obj)
                0x03804bfc                vex::distance::installed()
 .text._ZN3vex8distance5valueEv
                0x03804c14        0x8 c:\Users\³ÂÈó½Ü\AppData\Roaming\Code\User\globalStorage\vexrobotics.vexcode\sdk\cpp\V5\V5_20220726_10_00_00/vexv5\libv5rt.a(vex_distance.cpp.obj)
                0x03804c14                vex::distance::value()
 .text._ZN3vex8distanceC2El
                0x03804c1c       0x20 c:\Users\³ÂÈó½Ü\AppData\Roaming\Code\User\globalStorage\vexrobotics.vexcode\sdk\cpp\V5\V5_20220726_10_00_00/vexv5\libv5rt.a(vex_distance.cpp.obj)
                0x03804c1c                vex::distance::distance(long)
                0x03804c1c                vex::distance::distance(long)
 *fill*         0x03804c3c        0x4 
 .text._ZN3vex8distance14objectDistanceENS_13distanceUnitsE
                0x03804c40       0x48 c:\Users\³ÂÈó½Ü\AppData\Roaming\Code\User\globalStorage\vexrobotics.vexcode\sdk\cpp\V5\V5_20220726_10_00_00/vexv5\libv5rt.a(vex_distance.cpp.obj)
                0x03804c40                vex::distance::objectDistance(vex::distanceUnits)
 .text._ZN3vex10controllerD2Ev
                0x03804c88        0x4 c:\Users\³ÂÈó½Ü\AppData\Roaming\Code\User\globalStorage\vexrobotics.vexcode\sdk\cpp\V5\V5_20220726_10_00_00/vexv5\libv5rt.a(vex_controller.cpp.obj)
                0x03804c88                vex::controller::~controller()
                0x03804c88                vex::controller::~controller()
 .text._ZN3vex10controller5valueE19_V5_ControllerIndex
                0x03804c8c        0x8 c:\Users\³ÂÈó½Ü\AppData\Roaming\Code\User\globalStorage\vexrobotics.vexcode\sdk\cpp\V5\V5_20220726_10_00_00/vexv5\libv5rt.a(vex_controller.cpp.obj)
                0x03804c8c                vex::controller::value(_V5_ControllerIndex)
 .text._ZNK3vex10controller6button8pressingEv
                0x03804c94       0xc8 c:\Users\³ÂÈó½Ü\AppData\Roaming\Code\User\globalStorage\vexrobotics.vexcode\sdk\cpp\V5\V5_20220726_10_00_00/vexv5\libv5rt.a(vex_controller.cpp.obj)
                0x03804c94                vex::controller::button::pressing() const
 .text._ZNK3vex10controller6button21_buttonToPressedEventEv
                0x03804d5c       0x20 c:\Users\³ÂÈó½Ü\AppData\Roaming\Code\User\globalStorage\vexrobotics.vexcode\sdk\cpp\V5\V5_20220726_10_00_00/vexv5\libv5rt.a(vex_controller.cpp.obj)
                0x03804d5c                vex::controller::button::_buttonToPressedEvent() const
 .text._ZNK3vex10controller6button22_buttonToReleasedEventEv
                0x03804d7c       0x20 c:\Users\³ÂÈó½Ü\AppData\Roaming\Code\User\globalStorage\vexrobotics.vexcode\sdk\cpp\V5\V5_20220726_10_00_00/vexv5\libv5rt.a(vex_controller.cpp.obj)
                0x03804d7c                vex::controller::button::_buttonToReleasedEvent() const
 .text._ZN3vex10controller6buttonC2ENS0_11tButtonTypeEPS0_
                0x03804d9c       0x48 c:\Users\³ÂÈó½Ü\AppData\Roaming\Code\User\globalStorage\vexrobotics.vexcode\sdk\cpp\V5\V5_20220726_10_00_00/vexv5\libv5rt.a(vex_controller.cpp.obj)
                0x03804d9c                vex::controller::button::button(vex::controller::tButtonType, vex::controller*)
                0x03804d9c                vex::controller::button::button(vex::controller::tButtonType, vex::controller*)
 .text._ZNK3vex10controller4axis5valueEv
                0x03804de4       0x58 c:\Users\³ÂÈó½Ü\AppData\Roaming\Code\User\globalStorage\vexrobotics.vexcode\sdk\cpp\V5\V5_20220726_10_00_00/vexv5\libv5rt.a(vex_controller.cpp.obj)
                0x03804de4                vex::controller::axis::value() const
 .text._ZNK3vex10controller4axis8positionENS_12percentUnitsE
                0x03804e3c       0x1c c:\Users\³ÂÈó½Ü\AppData\Roaming\Code\User\globalStorage\vexrobotics.vexcode\sdk\cpp\V5\V5_20220726_10_00_00/vexv5\libv5rt.a(vex_controller.cpp.obj)
                0x03804e3c                vex::controller::axis::position(vex::percentUnits) const
 .text._ZNK3vex10controller4axis23_joystickToChangedEventEv
                0x03804e58       0x20 c:\Users\³ÂÈó½Ü\AppData\Roaming\Code\User\globalStorage\vexrobotics.vexcode\sdk\cpp\V5\V5_20220726_10_00_00/vexv5\libv5rt.a(vex_controller.cpp.obj)
                0x03804e58                vex::controller::axis::_joystickToChangedEvent() const
 .text._ZN3vex10controller4axisC2ENS0_9tAxisTypeEPS0_
                0x03804e78       0x2c c:\Users\³ÂÈó½Ü\AppData\Roaming\Code\User\globalStorage\vexrobotics.vexcode\sdk\cpp\V5\V5_20220726_10_00_00/vexv5\libv5rt.a(vex_controller.cpp.obj)
                0x03804e78                vex::controller::axis::axis(vex::controller::tAxisType, vex::controller*)
                0x03804e78                vex::controller::axis::axis(vex::controller::tAxisType, vex::controller*)
 .text._ZN3vex10controllerC2ENS_14controllerTypeE
                0x03804ea4      0x16c c:\Users\³ÂÈó½Ü\AppData\Roaming\Code\User\globalStorage\vexrobotics.vexcode\sdk\cpp\V5\V5_20220726_10_00_00/vexv5\libv5rt.a(vex_controller.cpp.obj)
                0x03804ea4                vex::controller::controller(vex::controllerType)
                0x03804ea4                vex::controller::controller(vex::controllerType)
 .text._ZN3vex10controller3lcd15getControllerIdEv
                0x03805010       0x10 c:\Users\³ÂÈó½Ü\AppData\Roaming\Code\User\globalStorage\vexrobotics.vexcode\sdk\cpp\V5\V5_20220726_10_00_00/vexv5\libv5rt.a(vex_controller.cpp.obj)
                0x03805010                vex::controller::lcd::getControllerId()
 .text._ZN3vex10controller3lcd9setCursorEll
                0x03805020       0x40 c:\Users\³ÂÈó½Ü\AppData\Roaming\Code\User\globalStorage\vexrobotics.vexcode\sdk\cpp\V5\V5_20220726_10_00_00/vexv5\libv5rt.a(vex_controller.cpp.obj)
                0x03805020                vex::controller::lcd::setCursor(long, long)
 .text._ZN3vex10controller3lcd5printEPKcz
                0x03805060       0x80 c:\Users\³ÂÈó½Ü\AppData\Roaming\Code\User\globalStorage\vexrobotics.vexcode\sdk\cpp\V5\V5_20220726_10_00_00/vexv5\libv5rt.a(vex_controller.cpp.obj)
                0x03805060                vex::controller::lcd::print(char const*, ...)
 .text._ZN3vex10controller3lcd9clearLineEi
                0x038050e0       0x80 c:\Users\³ÂÈó½Ü\AppData\Roaming\Code\User\globalStorage\vexrobotics.vexcode\sdk\cpp\V5\V5_20220726_10_00_00/vexv5\libv5rt.a(vex_controller.cpp.obj)
                0x038050e0                vex::controller::lcd::clearLine(int)
 .text._ZN3vex10controller3lcd11clearScreenEv
                0x03805160       0x5c c:\Users\³ÂÈó½Ü\AppData\Roaming\Code\User\globalStorage\vexrobotics.vexcode\sdk\cpp\V5\V5_20220726_10_00_00/vexv5\libv5rt.a(vex_controller.cpp.obj)
                0x03805160                vex::controller::lcd::clearScreen()
 .text._ZN3vex10controller3lcd9clearLineEv
                0x038051bc        0x8 c:\Users\³ÂÈó½Ü\AppData\Roaming\Code\User\globalStorage\vexrobotics.vexcode\sdk\cpp\V5\V5_20220726_10_00_00/vexv5\libv5rt.a(vex_controller.cpp.obj)
                0x038051bc                vex::controller::lcd::clearLine()
 .text._ZN3vex10controller3lcd7newLineEv
                0x038051c4       0x20 c:\Users\³ÂÈó½Ü\AppData\Roaming\Code\User\globalStorage\vexrobotics.vexcode\sdk\cpp\V5\V5_20220726_10_00_00/vexv5\libv5rt.a(vex_controller.cpp.obj)
                0x038051c4                vex::controller::lcd::newLine()
 .text._ZN3vex4taskC2EPFivE
                0x038051e4       0x5c c:\Users\³ÂÈó½Ü\AppData\Roaming\Code\User\globalStorage\vexrobotics.vexcode\sdk\cpp\V5\V5_20220726_10_00_00/vexv5\libv5rt.a(vex_task.cpp.obj)
                0x038051e4                vex::task::task(int (*)())
                0x038051e4                vex::task::task(int (*)())
 .text._ZN3vex4taskD2Ev
                0x03805240        0x4 c:\Users\³ÂÈó½Ü\AppData\Roaming\Code\User\globalStorage\vexrobotics.vexcode\sdk\cpp\V5\V5_20220726_10_00_00/vexv5\libv5rt.a(vex_task.cpp.obj)
                0x03805240                vex::task::~task()
                0x03805240                vex::task::~task()
 .text._ZN3vex4task4stopEPvi
                0x03805244       0x1c c:\Users\³ÂÈó½Ü\AppData\Roaming\Code\User\globalStorage\vexrobotics.vexcode\sdk\cpp\V5\V5_20220726_10_00_00/vexv5\libv5rt.a(vex_task.cpp.obj)
                0x03805244                vex::task::stop(void*, int)
 .text._ZN3vex4task6_indexEPFivE
                0x03805260       0x14 c:\Users\³ÂÈó½Ü\AppData\Roaming\Code\User\globalStorage\vexrobotics.vexcode\sdk\cpp\V5\V5_20220726_10_00_00/vexv5\libv5rt.a(vex_task.cpp.obj)
                0x03805260                vex::task::_index(int (*)())
 .text._ZN3vex4task8_stopAllEv
                0x03805274       0x3c c:\Users\³ÂÈó½Ü\AppData\Roaming\Code\User\globalStorage\vexrobotics.vexcode\sdk\cpp\V5\V5_20220726_10_00_00/vexv5\libv5rt.a(vex_task.cpp.obj)
                0x03805274                vex::task::_stopAll()
 .text._ZN3vex5event4initEmmPFvvE
                0x038052b0        0x4 c:\Users\³ÂÈó½Ü\AppData\Roaming\Code\User\globalStorage\vexrobotics.vexcode\sdk\cpp\V5\V5_20220726_10_00_00/vexv5\libv5rt.a(vex_event.cpp.obj)
                0x038052b0                vex::event::init(unsigned long, unsigned long, void (*)())
 .text._ZN3vex5event4initEmmPFvPvES1_
                0x038052b4        0x4 c:\Users\³ÂÈó½Ü\AppData\Roaming\Code\User\globalStorage\vexrobotics.vexcode\sdk\cpp\V5\V5_20220726_10_00_00/vexv5\libv5rt.a(vex_event.cpp.obj)
                0x038052b4                vex::event::init(unsigned long, unsigned long, void (*)(void*), void*)
 .text._ZN3vex5event9userindexEv
                0x038052b8        0x4 c:\Users\³ÂÈó½Ü\AppData\Roaming\Code\User\globalStorage\vexrobotics.vexcode\sdk\cpp\V5\V5_20220726_10_00_00/vexv5\libv5rt.a(vex_event.cpp.obj)
                0x038052b8                vex::event::userindex()
 .text._ZZN3vex6meventC4EmmENUlvE_4_FUNEv
                0x038052bc        0x4 c:\Users\³ÂÈó½Ü\AppData\Roaming\Code\User\globalStorage\vexrobotics.vexcode\sdk\cpp\V5\V5_20220726_10_00_00/vexv5\libv5rt.a(vex_mevent.cpp.obj)
 .text._ZN3vex6meventC2Emm
                0x038052c0       0x70 c:\Users\³ÂÈó½Ü\AppData\Roaming\Code\User\globalStorage\vexrobotics.vexcode\sdk\cpp\V5\V5_20220726_10_00_00/vexv5\libv5rt.a(vex_mevent.cpp.obj)
                0x038052c0                vex::mevent::mevent(unsigned long, unsigned long)
                0x038052c0                vex::mevent::mevent(unsigned long, unsigned long)
 .text._ZN3vex5brain9_getIndexEv
                0x03805330       0x10 c:\Users\³ÂÈó½Ü\AppData\Roaming\Code\User\globalStorage\vexrobotics.vexcode\sdk\cpp\V5\V5_20220726_10_00_00/vexv5\libv5rt.a(vex_brain.cpp.obj)
                0x03805330                vex::brain::_getIndex()
 .text._ZN3vex5brain5timerENS_9timeUnitsE
                0x03805340        0x8 c:\Users\³ÂÈó½Ü\AppData\Roaming\Code\User\globalStorage\vexrobotics.vexcode\sdk\cpp\V5\V5_20220726_10_00_00/vexv5\libv5rt.a(vex_brain.cpp.obj)
                0x03805340                vex::brain::timer(vex::timeUnits)
 .text._ZN3vex5brain3lcd9setCursorEll
                0x03805348       0x44 c:\Users\³ÂÈó½Ü\AppData\Roaming\Code\User\globalStorage\vexrobotics.vexcode\sdk\cpp\V5\V5_20220726_10_00_00/vexv5\libv5rt.a(vex_brain.cpp.obj)
                0x03805348                vex::brain::lcd::setCursor(long, long)
 .text._ZN3vex5brain3lcd7setFontENS_8fontTypeE
                0x0380538c      0x23c c:\Users\³ÂÈó½Ü\AppData\Roaming\Code\User\globalStorage\vexrobotics.vexcode\sdk\cpp\V5\V5_20220726_10_00_00/vexv5\libv5rt.a(vex_brain.cpp.obj)
                0x0380538c                vex::brain::lcd::setFont(vex::fontType)
 .text._ZN3vex5brain3lcdC2Ev
                0x038055c8       0x94 c:\Users\³ÂÈó½Ü\AppData\Roaming\Code\User\globalStorage\vexrobotics.vexcode\sdk\cpp\V5\V5_20220726_10_00_00/vexv5\libv5rt.a(vex_brain.cpp.obj)
                0x038055c8                vex::brain::lcd::lcd()
                0x038055c8                vex::brain::lcd::lcd()
 .text._ZN3vex5brainC2Ev
                0x0380565c       0x3c c:\Users\³ÂÈó½Ü\AppData\Roaming\Code\User\globalStorage\vexrobotics.vexcode\sdk\cpp\V5\V5_20220726_10_00_00/vexv5\libv5rt.a(vex_brain.cpp.obj)
                0x0380565c                vex::brain::brain()
                0x0380565c                vex::brain::brain()
 .text._ZN3vex5brain3lcd7printAtEllPKcz
                0x03805698       0x54 c:\Users\³ÂÈó½Ü\AppData\Roaming\Code\User\globalStorage\vexrobotics.vexcode\sdk\cpp\V5\V5_20220726_10_00_00/vexv5\libv5rt.a(vex_brain.cpp.obj)
                0x03805698                vex::brain::lcd::printAt(long, long, char const*, ...)
 .text._ZN3vex5brain6sdcardC2Ev
                0x038056ec        0x4 c:\Users\³ÂÈó½Ü\AppData\Roaming\Code\User\globalStorage\vexrobotics.vexcode\sdk\cpp\V5\V5_20220726_10_00_00/vexv5\libv5rt.a(vex_brain.cpp.obj)
                0x038056ec                vex::brain::sdcard::sdcard()
                0x038056ec                vex::brain::sdcard::sdcard()
 .text._ZN3vex5brain6sdcard10isInsertedEv
                0x038056f0        0x8 c:\Users\³ÂÈó½Ü\AppData\Roaming\Code\User\globalStorage\vexrobotics.vexcode\sdk\cpp\V5\V5_20220726_10_00_00/vexv5\libv5rt.a(vex_brain.cpp.obj)
                0x038056f0                vex::brain::sdcard::isInserted()
 .text._ZN3vex5brain6sdcard8loadfileEPKcPhl
                0x038056f8      0x114 c:\Users\³ÂÈó½Ü\AppData\Roaming\Code\User\globalStorage\vexrobotics.vexcode\sdk\cpp\V5\V5_20220726_10_00_00/vexv5\libv5rt.a(vex_brain.cpp.obj)
                0x038056f8                vex::brain::sdcard::loadfile(char const*, unsigned char*, long)
 .text._ZN3vex5brain6sdcard8savefileEPKcPhl
                0x0380580c       0xbc c:\Users\³ÂÈó½Ü\AppData\Roaming\Code\User\globalStorage\vexrobotics.vexcode\sdk\cpp\V5\V5_20220726_10_00_00/vexv5\libv5rt.a(vex_brain.cpp.obj)
                0x0380580c                vex::brain::sdcard::savefile(char const*, unsigned char*, long)
 .text._ZN3vex5brain6sdcard10appendfileEPKcPhl
                0x038058c8       0xbc c:\Users\³ÂÈó½Ü\AppData\Roaming\Code\User\globalStorage\vexrobotics.vexcode\sdk\cpp\V5\V5_20220726_10_00_00/vexv5\libv5rt.a(vex_brain.cpp.obj)
                0x038058c8                vex::brain::sdcard::appendfile(char const*, unsigned char*, long)
 .text._ZN3vex5brain6sdcard6existsEPKc
                0x03805984       0x44 c:\Users\³ÂÈó½Ü\AppData\Roaming\Code\User\globalStorage\vexrobotics.vexcode\sdk\cpp\V5\V5_20220726_10_00_00/vexv5\libv5rt.a(vex_brain.cpp.obj)
                0x03805984                vex::brain::sdcard::exists(char const*)
 .text._ZN3vex5brain7battery8capacityENS_12percentUnitsE
                0x038059c8       0x18 c:\Users\³ÂÈó½Ü\AppData\Roaming\Code\User\globalStorage\vexrobotics.vexcode\sdk\cpp\V5\V5_20220726_10_00_00/vexv5\libv5rt.a(vex_brain.cpp.obj)
                0x038059c8                vex::brain::battery::capacity(vex::percentUnits)
 .text._ZN3vex5brainD2Ev
                0x038059e0       0x20 c:\Users\³ÂÈó½Ü\AppData\Roaming\Code\User\globalStorage\vexrobotics.vexcode\sdk\cpp\V5\V5_20220726_10_00_00/vexv5\libv5rt.a(vex_brain.cpp.obj)
                0x038059e0                vex::brain::~brain()
                0x038059e0                vex::brain::~brain()
 .text._ZN3vex11competition8_disableEPv
                0x03805a00       0xa4 c:\Users\³ÂÈó½Ü\AppData\Roaming\Code\User\globalStorage\vexrobotics.vexcode\sdk\cpp\V5\V5_20220726_10_00_00/vexv5\libv5rt.a(vex_competition.cpp.obj)
                0x03805a00                vex::competition::_disable(void*)
 .text._ZN3vex11competition11_autonomousEv
                0x03805aa4       0x80 c:\Users\³ÂÈó½Ü\AppData\Roaming\Code\User\globalStorage\vexrobotics.vexcode\sdk\cpp\V5\V5_20220726_10_00_00/vexv5\libv5rt.a(vex_competition.cpp.obj)
                0x03805aa4                vex::competition::_autonomous()
 .text._ZN3vex11competition14_drivercontrolEv
                0x03805b24       0x80 c:\Users\³ÂÈó½Ü\AppData\Roaming\Code\User\globalStorage\vexrobotics.vexcode\sdk\cpp\V5\V5_20220726_10_00_00/vexv5\libv5rt.a(vex_competition.cpp.obj)
                0x03805b24                vex::competition::_drivercontrol()
 .text._ZN3vex11competitionC2Ev
                0x03805ba4      0x13c c:\Users\³ÂÈó½Ü\AppData\Roaming\Code\User\globalStorage\vexrobotics.vexcode\sdk\cpp\V5\V5_20220726_10_00_00/vexv5\libv5rt.a(vex_competition.cpp.obj)
                0x03805ba4                vex::competition::competition()
                0x03805ba4                vex::competition::competition()
 .text._ZN3vex11competitionD2Ev
                0x03805ce0        0x4 c:\Users\³ÂÈó½Ü\AppData\Roaming\Code\User\globalStorage\vexrobotics.vexcode\sdk\cpp\V5\V5_20220726_10_00_00/vexv5\libv5rt.a(vex_competition.cpp.obj)
                0x03805ce0                vex::competition::~competition()
                0x03805ce0                vex::competition::~competition()
 .text._ZN3vex11competition10autonomousEPFvvE
                0x03805ce4       0x44 c:\Users\³ÂÈó½Ü\AppData\Roaming\Code\User\globalStorage\vexrobotics.vexcode\sdk\cpp\V5\V5_20220726_10_00_00/vexv5\libv5rt.a(vex_competition.cpp.obj)
                0x03805ce4                vex::competition::autonomous(void (*)())
 .text._ZN3vex11competition13drivercontrolEPFvvE
                0x03805d28       0x44 c:\Users\³ÂÈó½Ü\AppData\Roaming\Code\User\globalStorage\vexrobotics.vexcode\sdk\cpp\V5\V5_20220726_10_00_00/vexv5\libv5rt.a(vex_competition.cpp.obj)
                0x03805d28                vex::competition::drivercontrol(void (*)())
 .text._ZN3vex7triportD2Ev
                0x03805d6c       0x38 c:\Users\³ÂÈó½Ü\AppData\Roaming\Code\User\globalStorage\vexrobotics.vexcode\sdk\cpp\V5\V5_20220726_10_00_00/vexv5\libv5rt.a(vex_triport.cpp.obj)
                0x03805d6c                vex::triport::~triport()
                0x03805d6c                vex::triport::~triport()
 .text._ZN3vex7triportD0Ev
                0x03805da4       0x1c c:\Users\³ÂÈó½Ü\AppData\Roaming\Code\User\globalStorage\vexrobotics.vexcode\sdk\cpp\V5\V5_20220726_10_00_00/vexv5\libv5rt.a(vex_triport.cpp.obj)
                0x03805da4                vex::triport::~triport()
 .text._ZN3vex7triport9installedEv
                0x03805dc0       0x18 c:\Users\³ÂÈó½Ü\AppData\Roaming\Code\User\globalStorage\vexrobotics.vexcode\sdk\cpp\V5\V5_20220726_10_00_00/vexv5\libv5rt.a(vex_triport.cpp.obj)
                0x03805dc0                vex::triport::installed()
 .text._ZN3vex7triport4portC2ElPS0_
                0x03805dd8       0x74 c:\Users\³ÂÈó½Ü\AppData\Roaming\Code\User\globalStorage\vexrobotics.vexcode\sdk\cpp\V5\V5_20220726_10_00_00/vexv5\libv5rt.a(vex_triport.cpp.obj)
                0x03805dd8                vex::triport::port::port(long, vex::triport*)
                0x03805dd8                vex::triport::port::port(long, vex::triport*)
 .text._ZN3vex7triportC2El
                0x03805e4c       0xf0 c:\Users\³ÂÈó½Ü\AppData\Roaming\Code\User\globalStorage\vexrobotics.vexcode\sdk\cpp\V5\V5_20220726_10_00_00/vexv5\libv5rt.a(vex_triport.cpp.obj)
                0x03805e4c                vex::triport::triport(long)
                0x03805e4c                vex::triport::triport(long)
 .text._ZN3vex5colorD2Ev
                0x03805f3c        0x4 c:\Users\³ÂÈó½Ü\AppData\Roaming\Code\User\globalStorage\vexrobotics.vexcode\sdk\cpp\V5\V5_20220726_10_00_00/vexv5\libv5rt.a(vex_color.cpp.obj)
                0x03805f3c                vex::color::~color()
                0x03805f3c                vex::color::~color()
 .text.startup._GLOBAL__sub_I__ZN3vex5color5blackE
                0x03805f40      0x164 c:\Users\³ÂÈó½Ü\AppData\Roaming\Code\User\globalStorage\vexrobotics.vexcode\sdk\cpp\V5\V5_20220726_10_00_00/vexv5\libv5rt.a(vex_color.cpp.obj)
 .text._ZN3vex5timerD2Ev
                0x038060a4        0x4 c:\Users\³ÂÈó½Ü\AppData\Roaming\Code\User\globalStorage\vexrobotics.vexcode\sdk\cpp\V5\V5_20220726_10_00_00/vexv5\libv5rt.a(vex_timer.cpp.obj)
                0x038060a4                vex::timer::~timer()
                0x038060a4                vex::timer::~timer()
 .text._ZN3vex5timer5clearEv
                0x038060a8       0x1c c:\Users\³ÂÈó½Ü\AppData\Roaming\Code\User\globalStorage\vexrobotics.vexcode\sdk\cpp\V5\V5_20220726_10_00_00/vexv5\libv5rt.a(vex_timer.cpp.obj)
                0x038060a8                vex::timer::clear()
 .text._ZN3vex5timerC2Ev
                0x038060c4       0x14 c:\Users\³ÂÈó½Ü\AppData\Roaming\Code\User\globalStorage\vexrobotics.vexcode\sdk\cpp\V5\V5_20220726_10_00_00/vexv5\libv5rt.a(vex_timer.cpp.obj)
                0x038060c4                vex::timer::timer()
                0x038060c4                vex::timer::timer()
 .text._ZNK3vex5timer4timeENS_9timeUnitsE
                0x038060d8       0x40 c:\Users\³ÂÈó½Ü\AppData\Roaming\Code\User\globalStorage\vexrobotics.vexcode\sdk\cpp\V5\V5_20220726_10_00_00/vexv5\libv5rt.a(vex_timer.cpp.obj)
                0x038060d8                vex::timer::time(vex::timeUnits) const
 .text._ZNK3vex5timer5valueEv
                0x03806118        0x8 c:\Users\³ÂÈó½Ü\AppData\Roaming\Code\User\globalStorage\vexrobotics.vexcode\sdk\cpp\V5\V5_20220726_10_00_00/vexv5\libv5rt.a(vex_timer.cpp.obj)
                0x03806118                vex::timer::value() const
 .text._ZN3vex6deviceD2Ev
                0x03806120        0x4 c:\Users\³ÂÈó½Ü\AppData\Roaming\Code\User\globalStorage\vexrobotics.vexcode\sdk\cpp\V5\V5_20220726_10_00_00/vexv5\libv5rt.a(vex_device.cpp.obj)
                0x03806120                vex::device::~device()
                0x03806120                vex::device::~device()
 .text._ZN3vex6device5valueEv
                0x03806124        0x8 c:\Users\³ÂÈó½Ü\AppData\Roaming\Code\User\globalStorage\vexrobotics.vexcode\sdk\cpp\V5\V5_20220726_10_00_00/vexv5\libv5rt.a(vex_device.cpp.obj)
                0x03806124                vex::device::value()
 .text._ZN3vex6deviceD0Ev
                0x0380612c       0x14 c:\Users\³ÂÈó½Ü\AppData\Roaming\Code\User\globalStorage\vexrobotics.vexcode\sdk\cpp\V5\V5_20220726_10_00_00/vexv5\libv5rt.a(vex_device.cpp.obj)
                0x0380612c                vex::device::~device()
 .text._ZN3vex6device4initEl
                0x03806140       0x30 c:\Users\³ÂÈó½Ü\AppData\Roaming\Code\User\globalStorage\vexrobotics.vexcode\sdk\cpp\V5\V5_20220726_10_00_00/vexv5\libv5rt.a(vex_device.cpp.obj)
                0x03806140                vex::device::init(long)
 .text._ZN3vex6deviceC2El
                0x03806170       0x20 c:\Users\³ÂÈó½Ü\AppData\Roaming\Code\User\globalStorage\vexrobotics.vexcode\sdk\cpp\V5\V5_20220726_10_00_00/vexv5\libv5rt.a(vex_device.cpp.obj)
                0x03806170                vex::device::device(long)
                0x03806170                vex::device::device(long)
 .text._ZN3vex6device4typeEv
                0x03806190       0x10 c:\Users\³ÂÈó½Ü\AppData\Roaming\Code\User\globalStorage\vexrobotics.vexcode\sdk\cpp\V5\V5_20220726_10_00_00/vexv5\libv5rt.a(vex_device.cpp.obj)
                0x03806190                vex::device::type()
 .text._ZN3vex6device9installedEv
                0x038061a0       0x14 c:\Users\³ÂÈó½Ü\AppData\Roaming\Code\User\globalStorage\vexrobotics.vexcode\sdk\cpp\V5\V5_20220726_10_00_00/vexv5\libv5rt.a(vex_device.cpp.obj)
                0x038061a0                vex::device::installed()
 .text.__aeabi_memclr
                0x038061b4        0x8 c:\Users\³ÂÈó½Ü\AppData\Roaming\Code\User\globalStorage\vexrobotics.vexcode\sdk\cpp\V5\V5_20220726_10_00_00/vexv5/gcc/libs\libc.a(lib_a-aeabi_memclr.o)
                0x038061b4                __aeabi_memclr4
                0x038061b4                __aeabi_memclr
                0x038061b4                __aeabi_memclr8
 .text.__libc_fini_array
                0x038061bc       0x30 c:\Users\³ÂÈó½Ü\AppData\Roaming\Code\User\globalStorage\vexrobotics.vexcode\sdk\cpp\V5\V5_20220726_10_00_00/vexv5/gcc/libs\libc.a(lib_a-fini.o)
                0x038061bc                __libc_fini_array
 .text.__libc_init_array
                0x038061ec       0x58 c:\Users\³ÂÈó½Ü\AppData\Roaming\Code\User\globalStorage\vexrobotics.vexcode\sdk\cpp\V5\V5_20220726_10_00_00/vexv5/gcc/libs\libc.a(lib_a-init.o)
                0x038061ec                __libc_init_array
 .text.fmin     0x03806244       0x4c c:\Users\³ÂÈó½Ü\AppData\Roaming\Code\User\globalStorage\vexrobotics.vexcode\sdk\cpp\V5\V5_20220726_10_00_00/vexv5/gcc/libs\libm.a(lib_a-s_fmin.o)
                0x03806244                fmin
 .text.fmin.__stub
                0x03806290       0x18 linker stubs
 *(.gnu.linkonce.t.*)
 *(.plt)
 *(.gnu_warning)
 *(.gcc_except_table)
 *(.glue_7)
 .glue_7        0x00000000        0x0 linker stubs
 *(.glue_7t)
 .glue_7t       0x00000000        0x0 linker stubs
 *(.vfp11_veneer)
 .vfp11_veneer  0x00000000        0x0 linker stubs
 *(.ARM.extab)
 *(.gnu.linkonce.armextab.*)

.v4_bx          0x038062a8        0x0
 .v4_bx         0x00000000        0x0 linker stubs

.iplt           0x038062a8        0x0
 .iplt          0x00000000        0x0 build/src/main.o

.init
 *(.init)

.fini
 *(.fini)

.rodata         0x038062a8      0x27c
                0x038062a8                __rodata_start = .
 *(.rodata)
 *(.rodata.*)
 .rodata.str1.1
                0x038062a8       0x9d build/src/main.o
                                 0xb0 (size before relaxing)
 .rodata.str1.1
                0x03806345       0x2e c:\Users\³ÂÈó½Ü\AppData\Roaming\Code\User\globalStorage\vexrobotics.vexcode\sdk\cpp\V5\V5_20220726_10_00_00/vexv5\libv5rt.a(v5_startup.c.obj)
 *fill*         0x03806373        0x1 
 .rodata._ZN3vex6PORT20E
                0x03806374        0x4 c:\Users\³ÂÈó½Ü\AppData\Roaming\Code\User\globalStorage\vexrobotics.vexcode\sdk\cpp\V5\V5_20220726_10_00_00/vexv5\libv5rt.a(vex_global.cpp.obj)
                0x03806374                vex::PORT20
 .rodata._ZN3vex3fwdE
                0x03806378        0x4 c:\Users\³ÂÈó½Ü\AppData\Roaming\Code\User\globalStorage\vexrobotics.vexcode\sdk\cpp\V5\V5_20220726_10_00_00/vexv5\libv5rt.a(vex_global.cpp.obj)
                0x03806378                vex::fwd
 .rodata._ZN3vex5PORT1E
                0x0380637c        0x4 c:\Users\³ÂÈó½Ü\AppData\Roaming\Code\User\globalStorage\vexrobotics.vexcode\sdk\cpp\V5\V5_20220726_10_00_00/vexv5\libv5rt.a(vex_global.cpp.obj)
                0x0380637c                vex::PORT1
 .rodata._ZN3vex7reverseE
                0x03806380        0x4 c:\Users\³ÂÈó½Ü\AppData\Roaming\Code\User\globalStorage\vexrobotics.vexcode\sdk\cpp\V5\V5_20220726_10_00_00/vexv5\libv5rt.a(vex_global.cpp.obj)
                0x03806380                vex::reverse
 .rodata._ZN3vex6PORT10E
                0x03806384        0x4 c:\Users\³ÂÈó½Ü\AppData\Roaming\Code\User\globalStorage\vexrobotics.vexcode\sdk\cpp\V5\V5_20220726_10_00_00/vexv5\libv5rt.a(vex_global.cpp.obj)
                0x03806384                vex::PORT10
 .rodata._ZN3vex4msecE
                0x03806388        0x4 c:\Users\³ÂÈó½Ü\AppData\Roaming\Code\User\globalStorage\vexrobotics.vexcode\sdk\cpp\V5\V5_20220726_10_00_00/vexv5\libv5rt.a(vex_global.cpp.obj)
                0x03806388                vex::msec
 .rodata._ZN3vex6PORT18E
                0x0380638c        0x4 c:\Users\³ÂÈó½Ü\AppData\Roaming\Code\User\globalStorage\vexrobotics.vexcode\sdk\cpp\V5\V5_20220726_10_00_00/vexv5\libv5rt.a(vex_global.cpp.obj)
                0x0380638c                vex::PORT18
 .rodata._ZN3vex5PORT9E
                0x03806390        0x4 c:\Users\³ÂÈó½Ü\AppData\Roaming\Code\User\globalStorage\vexrobotics.vexcode\sdk\cpp\V5\V5_20220726_10_00_00/vexv5\libv5rt.a(vex_global.cpp.obj)
                0x03806390                vex::PORT9
 .rodata._ZN3vex6PORT11E
                0x03806394        0x4 c:\Users\³ÂÈó½Ü\AppData\Roaming\Code\User\globalStorage\vexrobotics.vexcode\sdk\cpp\V5\V5_20220726_10_00_00/vexv5\libv5rt.a(vex_global.cpp.obj)
                0x03806394                vex::PORT11
 .rodata._ZN3vex7primaryE
                0x03806398        0x4 c:\Users\³ÂÈó½Ü\AppData\Roaming\Code\User\globalStorage\vexrobotics.vexcode\sdk\cpp\V5\V5_20220726_10_00_00/vexv5\libv5rt.a(vex_global.cpp.obj)
                0x03806398                vex::primary
 .rodata._ZN3vex3degE
                0x0380639c        0x4 c:\Users\³ÂÈó½Ü\AppData\Roaming\Code\User\globalStorage\vexrobotics.vexcode\sdk\cpp\V5\V5_20220726_10_00_00/vexv5\libv5rt.a(vex_global.cpp.obj)
                0x0380639c                vex::deg
 .rodata._ZN3vex7percentE
                0x038063a0        0x4 c:\Users\³ÂÈó½Ü\AppData\Roaming\Code\User\globalStorage\vexrobotics.vexcode\sdk\cpp\V5\V5_20220726_10_00_00/vexv5\libv5rt.a(vex_global.cpp.obj)
                0x038063a0                vex::percent
 .rodata._ZN3vex6PORT15E
                0x038063a4        0x4 c:\Users\³ÂÈó½Ü\AppData\Roaming\Code\User\globalStorage\vexrobotics.vexcode\sdk\cpp\V5\V5_20220726_10_00_00/vexv5\libv5rt.a(vex_global.cpp.obj)
                0x038063a4                vex::PORT15
 .rodata._ZN3vex6PORT19E
                0x038063a8        0x4 c:\Users\³ÂÈó½Ü\AppData\Roaming\Code\User\globalStorage\vexrobotics.vexcode\sdk\cpp\V5\V5_20220726_10_00_00/vexv5\libv5rt.a(vex_global.cpp.obj)
                0x038063a8                vex::PORT19
 .rodata._ZN3vex6PORT22E
                0x038063ac        0x4 c:\Users\³ÂÈó½Ü\AppData\Roaming\Code\User\globalStorage\vexrobotics.vexcode\sdk\cpp\V5\V5_20220726_10_00_00/vexv5\libv5rt.a(vex_global.cpp.obj)
                0x038063ac                vex::PORT22
 .rodata._ZN3vex6PORT12E
                0x038063b0        0x4 c:\Users\³ÂÈó½Ü\AppData\Roaming\Code\User\globalStorage\vexrobotics.vexcode\sdk\cpp\V5\V5_20220726_10_00_00/vexv5\libv5rt.a(vex_global.cpp.obj)
                0x038063b0                vex::PORT12
 .rodata._ZN3vex2mmE
                0x038063b4        0x4 c:\Users\³ÂÈó½Ü\AppData\Roaming\Code\User\globalStorage\vexrobotics.vexcode\sdk\cpp\V5\V5_20220726_10_00_00/vexv5\libv5rt.a(vex_global.cpp.obj)
                0x038063b4                vex::mm
 .rodata._ZN3vex9ratio18_1E
                0x038063b8        0x4 c:\Users\³ÂÈó½Ü\AppData\Roaming\Code\User\globalStorage\vexrobotics.vexcode\sdk\cpp\V5\V5_20220726_10_00_00/vexv5\libv5rt.a(vex_global.cpp.obj)
                0x038063b8                vex::ratio18_1
 .rodata._ZN3vex6PORT17E
                0x038063bc        0x4 c:\Users\³ÂÈó½Ü\AppData\Roaming\Code\User\globalStorage\vexrobotics.vexcode\sdk\cpp\V5\V5_20220726_10_00_00/vexv5\libv5rt.a(vex_global.cpp.obj)
                0x038063bc                vex::PORT17
 .rodata._ZTVN3vex5motorE
                0x038063c0       0x18 c:\Users\³ÂÈó½Ü\AppData\Roaming\Code\User\globalStorage\vexrobotics.vexcode\sdk\cpp\V5\V5_20220726_10_00_00/vexv5\libv5rt.a(vex_motor.cpp.obj)
                0x038063c0                vtable for vex::motor
 .rodata._ZTVN3vex8inertialE
                0x038063d8       0x68 c:\Users\³ÂÈó½Ü\AppData\Roaming\Code\User\globalStorage\vexrobotics.vexcode\sdk\cpp\V5\V5_20220726_10_00_00/vexv5\libv5rt.a(vex_imu.cpp.obj)
                0x038063d8                vtable for vex::inertial
 .rodata._ZTVN3vex7opticalE
                0x03806440       0x18 c:\Users\³ÂÈó½Ü\AppData\Roaming\Code\User\globalStorage\vexrobotics.vexcode\sdk\cpp\V5\V5_20220726_10_00_00/vexv5\libv5rt.a(vex_optical.cpp.obj)
                0x03806440                vtable for vex::optical
 .rodata._ZTVN3vex8distanceE
                0x03806458       0x18 c:\Users\³ÂÈó½Ü\AppData\Roaming\Code\User\globalStorage\vexrobotics.vexcode\sdk\cpp\V5\V5_20220726_10_00_00/vexv5\libv5rt.a(vex_distance.cpp.obj)
                0x03806458                vtable for vex::distance
 .rodata.str1.1
                0x03806470       0x1f c:\Users\³ÂÈó½Ü\AppData\Roaming\Code\User\globalStorage\vexrobotics.vexcode\sdk\cpp\V5\V5_20220726_10_00_00/vexv5\libv5rt.a(vex_controller.cpp.obj)
                                 0x20 (size before relaxing)
 .rodata.CSWTCH.16
                0x0380648f        0xb c:\Users\³ÂÈó½Ü\AppData\Roaming\Code\User\globalStorage\vexrobotics.vexcode\sdk\cpp\V5\V5_20220726_10_00_00/vexv5\libv5rt.a(vex_controller.cpp.obj)
 .rodata.CSWTCH.18
                0x0380649a        0xb c:\Users\³ÂÈó½Ü\AppData\Roaming\Code\User\globalStorage\vexrobotics.vexcode\sdk\cpp\V5\V5_20220726_10_00_00/vexv5\libv5rt.a(vex_controller.cpp.obj)
 .rodata.CSWTCH.24
                0x038064a5        0x3 c:\Users\³ÂÈó½Ü\AppData\Roaming\Code\User\globalStorage\vexrobotics.vexcode\sdk\cpp\V5\V5_20220726_10_00_00/vexv5\libv5rt.a(vex_controller.cpp.obj)
 .rodata.str1.1
                0x038064a8       0x14 c:\Users\³ÂÈó½Ü\AppData\Roaming\Code\User\globalStorage\vexrobotics.vexcode\sdk\cpp\V5\V5_20220726_10_00_00/vexv5\libv5rt.a(vex_task.cpp.obj)
 .rodata.str1.1
                0x038064bc       0x2d c:\Users\³ÂÈó½Ü\AppData\Roaming\Code\User\globalStorage\vexrobotics.vexcode\sdk\cpp\V5\V5_20220726_10_00_00/vexv5\libv5rt.a(vex_brain.cpp.obj)
 *fill*         0x038064e9        0x7 
 .rodata._ZTVN3vex7triportE
                0x038064f0       0x18 c:\Users\³ÂÈó½Ü\AppData\Roaming\Code\User\globalStorage\vexrobotics.vexcode\sdk\cpp\V5\V5_20220726_10_00_00/vexv5\libv5rt.a(vex_triport.cpp.obj)
                0x038064f0                vtable for vex::triport
 .rodata._ZTVN3vex6deviceE
                0x03806508       0x18 c:\Users\³ÂÈó½Ü\AppData\Roaming\Code\User\globalStorage\vexrobotics.vexcode\sdk\cpp\V5\V5_20220726_10_00_00/vexv5\libv5rt.a(vex_device.cpp.obj)
                0x03806508                vtable for vex::device
 .rodata.str1.4
                0x03806520        0x4 c:\Users\³ÂÈó½Ü\AppData\Roaming\Code\User\globalStorage\vexrobotics.vexcode\sdk\cpp\V5\V5_20220726_10_00_00/vexv5/gcc/libs\libc.a(lib_a-impure.o)
                                  0x2 (size before relaxing)
 *(.gnu.linkonce.r.*)
                0x03806524                __rodata_end = .

.rodata1        0x03806524        0x0
                0x03806524                __rodata1_start = .
 *(.rodata1)
 *(.rodata1.*)
                0x03806524                __rodata1_end = .

.sdata2         0x03806524        0x0
                0x03806524                __sdata2_start = .
 *(.sdata2)
 *(.sdata2.*)
 *(.gnu.linkonce.s2.*)
                0x03806524                __sdata2_end = .

.sbss2          0x03806524        0x0
                0x03806524                __sbss2_start = .
 *(.sbss2)
 *(.sbss2.*)
 *(.gnu.linkonce.sb2.*)
                0x03806524                __sbss2_end = .

.data           0x03806528      0x444
                0x03806528                __data_start = .
 *(.data)
 *(.data.*)
 .data._ZL6rota_0
                0x03806528        0x4 build/src/main.o
 .data._ZL9targetDis
                0x0380652c        0x4 build/src/main.o
 .data.appRunning
                0x03806530        0x4 c:\Users\³ÂÈó½Ü\AppData\Roaming\Code\User\globalStorage\vexrobotics.vexcode\sdk\cpp\V5\V5_20220726_10_00_00/vexv5\libv5rt.a(v5_startup.c.obj)
                0x03806530                appRunning
 .data.__yoff   0x03806534        0x4 c:\Users\³ÂÈó½Ü\AppData\Roaming\Code\User\globalStorage\vexrobotics.vexcode\sdk\cpp\V5\V5_20220726_10_00_00/vexv5\libv5rt.a(v5_apijump.c.obj)
 .data._ZN3vex24__default_motor_velocityE
                0x03806538        0x4 c:\Users\³ÂÈó½Ü\AppData\Roaming\Code\User\globalStorage\vexrobotics.vexcode\sdk\cpp\V5\V5_20220726_10_00_00/vexv5\libv5rt.a(vex_motor.cpp.obj)
                0x03806538                vex::__default_motor_velocity
 *fill*         0x0380653c        0x4 
 .data.impure_data
                0x03806540      0x428 c:\Users\³ÂÈó½Ü\AppData\Roaming\Code\User\globalStorage\vexrobotics.vexcode\sdk\cpp\V5\V5_20220726_10_00_00/vexv5/gcc/libs\libc.a(lib_a-impure.o)
 .data._impure_ptr
                0x03806968        0x4 c:\Users\³ÂÈó½Ü\AppData\Roaming\Code\User\globalStorage\vexrobotics.vexcode\sdk\cpp\V5\V5_20220726_10_00_00/vexv5/gcc/libs\libc.a(lib_a-impure.o)
                0x03806968                _impure_ptr
 *(.gnu.linkonce.d.*)
 *(.jcr)
 *(.got)
 *(.got.plt)
                0x0380696c                __data_end = .

.igot.plt       0x0380696c        0x0
 .igot.plt      0x00000000        0x0 build/src/main.o

.data1          0x0380696c        0x0
                0x0380696c                __data1_start = .
 *(.data1)
 *(.data1.*)
                0x0380696c                __data1_end = .

.got
 *(.got)

.ctors          0x0380696c        0x0
                0x0380696c                __CTOR_LIST__ = .
                0x0380696c                ___CTORS_LIST___ = .
 *crtbegin.o(.ctors)
 *(EXCLUDE_FILE(*crtend.o) .ctors)
 *(SORT(.ctors.*))
 *(.ctors)
                0x0380696c                __CTOR_END__ = .
                0x0380696c                ___CTORS_END___ = .

.dtors          0x0380696c        0x0
                0x0380696c                __DTOR_LIST__ = .
                0x0380696c                ___DTORS_LIST___ = .
 *crtbegin.o(.dtors)
 *(EXCLUDE_FILE(*crtend.o) .dtors)
 *(SORT(.dtors.*))
 *(.dtors)
                0x0380696c                __DTOR_END__ = .
                0x0380696c                ___DTORS_END___ = .

.fixup          0x0380696c        0x0
                0x0380696c                __fixup_start = .
 *(.fixup)
                0x0380696c                __fixup_end = .

.eh_frame
 *(.eh_frame)

.eh_framehdr    0x0380696c        0x0
                0x0380696c                __eh_framehdr_start = .
 *(.eh_framehdr)
                0x0380696c                __eh_framehdr_end = .

.gcc_except_table
 *(.gcc_except_table)

.mmu_tbl        0x03808000        0x0
                0x03808000                __mmu_tbl_start = .
 *(.mmu_tbl)
                0x03808000                __mmu_tbl_end = .

.ARM.exidx      0x0380696c        0x8
                0x0380696c                __exidx_start = .
 *(.ARM.exidx*)
 .ARM.exidx.text._ZN3vex4card4readEPi
                0x0380696c        0x8 build/src/main.o
 .ARM.exidx.text._Z2Chv
                0x03806974        0x0 build/src/main.o
                                  0x8 (size before relaxing)
 .ARM.exidx.text._Z4cataf
                0x03806974        0x0 build/src/main.o
                                  0x8 (size before relaxing)
 .ARM.exidx.text._Z8AutoCatav
                0x03806974        0x0 build/src/main.o
                                  0x8 (size before relaxing)
 .ARM.exidx.text._Z3LCKv
                0x03806974        0x0 build/src/main.o
                                  0x8 (size before relaxing)
 .ARM.exidx.text._Z9adjustDisv
                0x03806974        0x0 build/src/main.o
                                  0x8 (size before relaxing)
 .ARM.exidx.text._ZN3PID6updateEf
                0x03806974        0x0 build/src/main.o
                                  0x8 (size before relaxing)
 .ARM.exidx.text._Z12driveForwardi
                0x03806974        0x0 build/src/main.o
                                  0x8 (size before relaxing)
 .ARM.exidx.text._Z17moveForwardRotateff
                0x03806974        0x0 build/src/main.o
                                  0x8 (size before relaxing)
 .ARM.exidx.text._Z11driveRotatei
                0x03806974        0x0 build/src/main.o
                                  0x8 (size before relaxing)
 .ARM.exidx.text._Z12timerForwardii
                0x03806974        0x0 build/src/main.o
                                  0x8 (size before relaxing)
 .ARM.exidx.text._Z14EncoderForwardff
                0x03806974        0x0 build/src/main.o
                                  0x8 (size before relaxing)
 .ARM.exidx.text._Z17getForwardEncoderv
                0x03806974        0x0 build/src/main.o
                                  0x8 (size before relaxing)
 .ARM.exidx.text._Z19resetChassisEncoderv
                0x03806974        0x0 build/src/main.o
                                  0x8 (size before relaxing)
 .ARM.exidx.text._Z10gyroSensorv
                0x03806974        0x0 build/src/main.o
                                  0x8 (size before relaxing)
 .ARM.exidx.text._Z10timerIndexfi
                0x03806974        0x0 build/src/main.o
                                  0x8 (size before relaxing)
 .ARM.exidx.text._Z5Rrollv
                0x03806974        0x0 build/src/main.o
                                  0x8 (size before relaxing)
 .ARM.exidx.text._Z5Rrollb
                0x03806974        0x0 build/src/main.o
                                  0x8 (size before relaxing)
 .ARM.exidx.text._Z11PIDGyroTurnf
                0x03806974        0x0 build/src/main.o
                                  0x8 (size before relaxing)
 .ARM.exidx.text._Z10PIDForwardff
                0x03806974        0x0 build/src/main.o
                                  0x8 (size before relaxing)
 .ARM.exidx.text._Z3onev
                0x03806974        0x0 build/src/main.o
                                  0x8 (size before relaxing)
 .ARM.exidx.text._Z3twov
                0x03806974        0x0 build/src/main.o
                                  0x8 (size before relaxing)
 .ARM.exidx.text._Z5threev
                0x03806974        0x0 build/src/main.o
                                  0x8 (size before relaxing)
 .ARM.exidx.text._Z10autonomousv
                0x03806974        0x0 build/src/main.o
                                  0x8 (size before relaxing)
 .ARM.exidx.text._Z11usercontrolv
                0x03806974        0x0 build/src/main.o
                                  0x8 (size before relaxing)
 .ARM.exidx.text._Z7printatv
                0x03806974        0x0 build/src/main.o
                                  0x8 (size before relaxing)
 .ARM.exidx.text._Z9printInfov
                0x03806974        0x0 build/src/main.o
                                  0x8 (size before relaxing)
 .ARM.exidx.text._ZN3vex10controller3lcd5printIfEEvT_
                0x03806974        0x0 build/src/main.o
                                  0x8 (size before relaxing)
 .ARM.exidx.text.main
                0x03806974        0x0 build/src/main.o
                                  0x8 (size before relaxing)
 .ARM.exidx.text._GLOBAL__sub_I_main.cpp
                0x03806974        0x0 build/src/main.o
                                  0x8 (size before relaxing)
 *(.gnu.linkonce.armexidix.*.*)
                0x03806974                __exidx_end = .

.rel.dyn        0x03806974        0x0
 .rel.iplt      0x00000000        0x0 build/src/main.o

.preinit_array  0x03806974        0x0
                0x03806974                __preinit_array_start = .
 *(SORT(.preinit_array.*))
 *(.preinit_array)
                0x03806974                __preinit_array_end = .

.init_array     0x03806974        0x8
                0x03806974                __init_array_start = .
 *(SORT(.init_array.*))
 *(.init_array)
 .init_array    0x03806974        0x4 build/src/main.o
 .init_array    0x03806978        0x4 c:\Users\³ÂÈó½Ü\AppData\Roaming\Code\User\globalStorage\vexrobotics.vexcode\sdk\cpp\V5\V5_20220726_10_00_00/vexv5\libv5rt.a(vex_color.cpp.obj)
                0x0380697c                __init_array_end = .

.fini_array     0x0380697c        0x0
                0x0380697c                __fini_array_start = .
 *(SORT(.fini_array.*))
 *(.fini_array)
                0x0380697c                __fini_array_end = .

.ARM.attributes
                0x0380697c       0x3a
                0x0380697c                __ARM.attributes_start = .
 *(.ARM.attributes)
 .ARM.attributes
                0x0380697c       0x3a build/src/main.o
 .ARM.attributes
                0x038069b6       0x35 c:\Users\³ÂÈó½Ü\AppData\Roaming\Code\User\globalStorage\vexrobotics.vexcode\sdk\cpp\V5\V5_20220726_10_00_00/vexv5\libv5rt.a(v5_startup.c.obj)
 .ARM.attributes
                0x038069eb       0x35 c:\Users\³ÂÈó½Ü\AppData\Roaming\Code\User\globalStorage\vexrobotics.vexcode\sdk\cpp\V5\V5_20220726_10_00_00/vexv5\libv5rt.a(v5_util.c.obj)
 .ARM.attributes
                0x03806a20       0x35 c:\Users\³ÂÈó½Ü\AppData\Roaming\Code\User\globalStorage\vexrobotics.vexcode\sdk\cpp\V5\V5_20220726_10_00_00/vexv5\libv5rt.a(v5_apijump.c.obj)
 .ARM.attributes
                0x03806a55       0x35 c:\Users\³ÂÈó½Ü\AppData\Roaming\Code\User\globalStorage\vexrobotics.vexcode\sdk\cpp\V5\V5_20220726_10_00_00/vexv5\libv5rt.a(v5_apiuser.c.obj)
 .ARM.attributes
                0x03806a8a       0x35 c:\Users\³ÂÈó½Ü\AppData\Roaming\Code\User\globalStorage\vexrobotics.vexcode\sdk\cpp\V5\V5_20220726_10_00_00/vexv5\libv5rt.a(v5_apiversions.c.obj)
 .ARM.attributes
                0x03806abf       0x35 c:\Users\³ÂÈó½Ü\AppData\Roaming\Code\User\globalStorage\vexrobotics.vexcode\sdk\cpp\V5\V5_20220726_10_00_00/vexv5\libv5rt.a(vex_global.cpp.obj)
 .ARM.attributes
                0x03806af4       0x35 c:\Users\³ÂÈó½Ü\AppData\Roaming\Code\User\globalStorage\vexrobotics.vexcode\sdk\cpp\V5\V5_20220726_10_00_00/vexv5\libv5rt.a(vex_motor.cpp.obj)
 .ARM.attributes
                0x03806b29       0x35 c:\Users\³ÂÈó½Ü\AppData\Roaming\Code\User\globalStorage\vexrobotics.vexcode\sdk\cpp\V5\V5_20220726_10_00_00/vexv5\libv5rt.a(vex_imu.cpp.obj)
 .ARM.attributes
                0x03806b5e       0x35 c:\Users\³ÂÈó½Ü\AppData\Roaming\Code\User\globalStorage\vexrobotics.vexcode\sdk\cpp\V5\V5_20220726_10_00_00/vexv5\libv5rt.a(vex_optical.cpp.obj)
 .ARM.attributes
                0x03806b93       0x35 c:\Users\³ÂÈó½Ü\AppData\Roaming\Code\User\globalStorage\vexrobotics.vexcode\sdk\cpp\V5\V5_20220726_10_00_00/vexv5\libv5rt.a(vex_distance.cpp.obj)
 .ARM.attributes
                0x03806bc8       0x35 c:\Users\³ÂÈó½Ü\AppData\Roaming\Code\User\globalStorage\vexrobotics.vexcode\sdk\cpp\V5\V5_20220726_10_00_00/vexv5\libv5rt.a(vex_controller.cpp.obj)
 .ARM.attributes
                0x03806bfd       0x35 c:\Users\³ÂÈó½Ü\AppData\Roaming\Code\User\globalStorage\vexrobotics.vexcode\sdk\cpp\V5\V5_20220726_10_00_00/vexv5\libv5rt.a(vex_task.cpp.obj)
 .ARM.attributes
                0x03806c32       0x35 c:\Users\³ÂÈó½Ü\AppData\Roaming\Code\User\globalStorage\vexrobotics.vexcode\sdk\cpp\V5\V5_20220726_10_00_00/vexv5\libv5rt.a(vex_event.cpp.obj)
 .ARM.attributes
                0x03806c67       0x35 c:\Users\³ÂÈó½Ü\AppData\Roaming\Code\User\globalStorage\vexrobotics.vexcode\sdk\cpp\V5\V5_20220726_10_00_00/vexv5\libv5rt.a(vex_mevent.cpp.obj)
 .ARM.attributes
                0x03806c9c       0x35 c:\Users\³ÂÈó½Ü\AppData\Roaming\Code\User\globalStorage\vexrobotics.vexcode\sdk\cpp\V5\V5_20220726_10_00_00/vexv5\libv5rt.a(vex_brain.cpp.obj)
 .ARM.attributes
                0x03806cd1       0x35 c:\Users\³ÂÈó½Ü\AppData\Roaming\Code\User\globalStorage\vexrobotics.vexcode\sdk\cpp\V5\V5_20220726_10_00_00/vexv5\libv5rt.a(vex_competition.cpp.obj)
 .ARM.attributes
                0x03806d06       0x35 c:\Users\³ÂÈó½Ü\AppData\Roaming\Code\User\globalStorage\vexrobotics.vexcode\sdk\cpp\V5\V5_20220726_10_00_00/vexv5\libv5rt.a(vex_triport.cpp.obj)
 .ARM.attributes
                0x03806d3b       0x35 c:\Users\³ÂÈó½Ü\AppData\Roaming\Code\User\globalStorage\vexrobotics.vexcode\sdk\cpp\V5\V5_20220726_10_00_00/vexv5\libv5rt.a(vex_color.cpp.obj)
 .ARM.attributes
                0x03806d70       0x35 c:\Users\³ÂÈó½Ü\AppData\Roaming\Code\User\globalStorage\vexrobotics.vexcode\sdk\cpp\V5\V5_20220726_10_00_00/vexv5\libv5rt.a(vex_timer.cpp.obj)
 .ARM.attributes
                0x03806da5       0x35 c:\Users\³ÂÈó½Ü\AppData\Roaming\Code\User\globalStorage\vexrobotics.vexcode\sdk\cpp\V5\V5_20220726_10_00_00/vexv5\libv5rt.a(vex_device.cpp.obj)
 .ARM.attributes
                0x03806dda       0x2b c:\Users\³ÂÈó½Ü\AppData\Roaming\Code\User\globalStorage\vexrobotics.vexcode\sdk\cpp\V5\V5_20220726_10_00_00/vexv5/gcc/libs\libc.a(lib_a-aeabi_memclr.o)
 .ARM.attributes
                0x03806e05       0x19 c:\Users\³ÂÈó½Ü\AppData\Roaming\Code\User\globalStorage\vexrobotics.vexcode\sdk\cpp\V5\V5_20220726_10_00_00/vexv5/gcc/libs\libc.a(lib_a-aeabi_memset-soft.o)
 .ARM.attributes
                0x03806e1e       0x2b c:\Users\³ÂÈó½Ü\AppData\Roaming\Code\User\globalStorage\vexrobotics.vexcode\sdk\cpp\V5\V5_20220726_10_00_00/vexv5/gcc/libs\libc.a(lib_a-fini.o)
 .ARM.attributes
                0x03806e49       0x2b c:\Users\³ÂÈó½Ü\AppData\Roaming\Code\User\globalStorage\vexrobotics.vexcode\sdk\cpp\V5\V5_20220726_10_00_00/vexv5/gcc/libs\libc.a(lib_a-impure.o)
 .ARM.attributes
                0x03806e74       0x2b c:\Users\³ÂÈó½Ü\AppData\Roaming\Code\User\globalStorage\vexrobotics.vexcode\sdk\cpp\V5\V5_20220726_10_00_00/vexv5/gcc/libs\libc.a(lib_a-init.o)
 .ARM.attributes
                0x03806e9f       0x2b c:\Users\³ÂÈó½Ü\AppData\Roaming\Code\User\globalStorage\vexrobotics.vexcode\sdk\cpp\V5\V5_20220726_10_00_00/vexv5/gcc/libs\libm.a(lib_a-s_fmin.o)
                0x03806eca                __ARM.attributes_end = .

.sdata          0x0380697c        0x0
                0x0380697c                __sdata_start = .
 *(.sdata)
 *(.sdata.*)
 *(.gnu.linkonce.s.*)
                0x0380697c                __sdata_end = .

.sbss           0x0380697c        0x0
                0x0380697c                __sbss_start = .
 *(.sbss)
 *(.sbss.*)
 *(.gnu.linkonce.sb.*)
                0x0380697c                __sbss_end = .

.tdata          0x0380697c        0x0
                0x0380697c                __tdata_start = .
 *(.tdata)
 *(.tdata.*)
 *(.gnu.linkonce.td.*)
                0x0380697c                __tdata_end = .

.tbss           0x0380697c        0x0
                0x0380697c                __tbss_start = .
 *(.tbss)
 *(.tbss.*)
 *(.gnu.linkonce.tb.*)
                0x0380697c                __tbss_end = .

.bss            0x03806980      0x6d4